FFF....                                                                  [100%]
=================================== FAILURES ===================================
________ test_lexical_rejection_cannot_leave_only_old_planning_visible _________

sources = (<icarus_memory.episodes.EpisodeStore object at 0x10815cec0>, <icarus_memory.claims.ClaimStore object at 0x10815f170>, ['e-7a8fe52d60f3', 'e-0f77ccfa0f4c'])

    def test_lexical_rejection_cannot_leave_only_old_planning_visible(sources):
        answer = prepare(sources, scripted(REJECTED_NEW))
        assert answer['satzantwort']['verworfen'] == 1
>       assert answer['satzantwort']['status'] == 'zitate'
E       AssertionError: assert 'saetze' == 'zitate'
E         
E         - zitate
E         + saetze

sidecar/tests/test_partial_answer_source_loss.py:67: AssertionError
_________ test_model_rejection_cannot_hide_the_second_selected_source __________

sources = (<icarus_memory.episodes.EpisodeStore object at 0x1081db020>, <icarus_memory.claims.ClaimStore object at 0x1081faf90>, ['e-ee7b26c254ec', 'e-d248376c53d0'])

    def test_model_rejection_cannot_hide_the_second_selected_source(sources):
        gate = satzpruefung_modell.tor('an', Pruefer({'19. Mai': '{"urteil":"nein"}'}))
        answer = prepare(sources, scripted(), pruefung=gate)
        assert answer['satzantwort']['pruefung']['verworfen'] == 1
>       assert answer['satzantwort']['status'] == 'zitate'
E       AssertionError: assert 'saetze' == 'zitate'
E         
E         - zitate
E         + saetze

sidecar/tests/test_partial_answer_source_loss.py:75: AssertionError
_ test_saved_partial_comparison_restores_originals_without_another_model_call __

sources = (<icarus_memory.episodes.EpisodeStore object at 0x1081d8a70>, <icarus_memory.claims.ClaimStore object at 0x1081dae70>, ['e-2fdbaee2b023', 'e-4751ec564dbd'])

    def test_saved_partial_comparison_restores_originals_without_another_model_call(sources):
        answer = legacy_partial(sources)
>       assert_originals(answer, sources)

sidecar/tests/test_partial_answer_source_loss.py:92: 
_ _ _ _ _ _ _ _ _ _ _ _ _ _ _ _ _ _ _ _ _ _ _ _ _ _ _ _ _ _ _ _ _ _ _ _ _ _ _ _ 

answer = {'version': 1, 'query': 'Welche Termine nennen die erste Planung und die spätere Änderungsnotiz zur Epsilon-Abnahme je... 'fingerprint': '2eab3efbe65fb0ebd3d23165ddcc0f1874ba1f06b2853c73ea800a32f21428d8', 'start': 0, 'end': 156, ...}], ...}
sources = (<icarus_memory.episodes.EpisodeStore object at 0x1081d8a70>, <icarus_memory.claims.ClaimStore object at 0x1081dae70>, ['e-2fdbaee2b023', 'e-4751ec564dbd'])

    def assert_originals(answer, sources):
        episodes, claims, ids = sources
        text, links, status = answers.render(answer, episodes, claims)
        assert status == 'working_reports'
>       assert FIRST in text and UPDATE in text
E       AssertionError: assert ('Die Vor-Ort-Abnahme in Werkhalle Epsilon ist für den 12. Mai um 09:00 Uhr eingeplant.' in 'Die erste Planung nennt den 12. Mai um 09:00 Uhr. [1] (nur eine Quelle)\n\nBelege\n[1] Erste Planung Werkhalle Epsilo... verworfen, weil die Belege ihn nicht getragen haben.\nOhne zweite Prüfung durch ein Prüfmodell (keines eingerichtet).')

sidecar/tests/test_partial_answer_source_loss.py:59: AssertionError
=========================== short test summary info ============================
FAILED sidecar/tests/test_partial_answer_source_loss.py::test_lexical_rejection_cannot_leave_only_old_planning_visible
FAILED sidecar/tests/test_partial_answer_source_loss.py::test_model_rejection_cannot_hide_the_second_selected_source
FAILED sidecar/tests/test_partial_answer_source_loss.py::test_saved_partial_comparison_restores_originals_without_another_model_call
3 failed, 4 passed in 0.53s
