/private/tmp/kingfisher-review-20261006-venv/lib/python3.12/site-packages/fastapi/testclient.py:1: StarletteDeprecationWarning: Using `httpx` with `starlette.testclient` is deprecated; install `httpx2` instead.
  from starlette.testclient import TestClient as TestClient  # noqa
classified IA01-S1 True
classified IA02-S1 True
classified IA02-S2 True
classified IA03-S1 True
classified IA04-S1 True
classified IA05-S1 True
classified IA06-S1 True
classified IA07-S1 True
classified IA07-S2 True
classified IA08-S1 True
classified W01-S1 True
classified W02-S1 True
classified W03-S1 True
classified W04-S1 True
classified W05-S1 True
classified W05-S2 True
classified DE01-S1 True
classified DE02-S1 True
classified DE03-S1 True
topics/entities IA01-S1 True
topics/entities IA02-S1 True
topics/entities IA02-S2 True
topics/entities IA03-S1 True
topics/entities IA04-S1 True
topics/entities IA05-S1 True
topics/entities IA06-S1 True
topics/entities IA07-S1 True
topics/entities IA07-S2 True
topics/entities IA08-S1 True
topics/entities W01-S1 True
topics/entities W02-S1 True
topics/entities W03-S1 True
topics/entities W04-S1 True
topics/entities W05-S1 True
topics/entities W05-S2 True
topics/entities DE01-S1 True
topics/entities DE02-S1 True
topics/entities DE03-S1 True
indexed True {'status': 'partial', 'model_key': 'bge-m3:latest:7907646426070047a77226ac3e684fbbe8410524f7b4a74d02837e43f2146bab', 'identity_checked_at': 1791537381.371804, 'total': 19, 'indexed': 8, 'pending': 11, 'failed': 0, 'updated_at': 1791537383.3253021, 'source_pending': 0}
indexed True {'status': 'partial', 'model_key': 'bge-m3:latest:7907646426070047a77226ac3e684fbbe8410524f7b4a74d02837e43f2146bab', 'identity_checked_at': 1791537383.345946, 'total': 19, 'indexed': 16, 'pending': 3, 'failed': 0, 'updated_at': 1791537383.494729, 'source_pending': 0}
indexed True {'status': 'indexed', 'model_key': 'bge-m3:latest:7907646426070047a77226ac3e684fbbe8410524f7b4a74d02837e43f2146bab', 'identity_checked_at': 1791537383.5042381, 'total': 19, 'indexed': 19, 'pending': 0, 'failed': 0, 'updated_at': 1791537383.5634549, 'source_pending': 0}
IA01 working_reports ['IA01-S1'] 9.494
IA02 working_reports ['IA02-S2'] 5.61
IA03 working_reports ['IA03-S1'] 7.902
IA04 working_reports ['IA04-S1'] 5.884
IA05 working_reports ['IA05-S1'] 11.518
IA06 working_reports ['IA06-S1'] 6.522
IA07 working_reports ['IA07-S2'] 8.569
IA08 working_reports ['IA08-S1'] 6.196
W01 working_reports ['W01-S1'] 11.961
W02 working_unknown [] 6.547
W03 working_reports ['W03-S1'] 8.169
W04 working_reports ['W04-S1'] 7.257
W05 working_unclear ['W05-S1', 'W05-S2'] 8.474
DE01 working_reports ['DE01-S1'] 8.227
DE02 working_reports ['DE02-S1'] 7.379
DE03 working_reports ['DE03-S1'] 7.884
