........................................................................ [  1%]
........................................................................ [  2%]
........................................................................ [  3%]
........................................................................ [  4%]
........................................................................ [  5%]
........................................................................ [  6%]
........................................................................ [  7%]
........................................................................ [  9%]
........................................................................ [ 10%]
........................................................................ [ 11%]
........................................................................ [ 12%]
........................................................................ [ 13%]
........................................................................ [ 14%]
........................................................................ [ 15%]
........................................................................ [ 17%]
........................................................................ [ 18%]
........................................................................ [ 19%]
........................................................................ [ 20%]
........................................................................ [ 21%]
........................................................................ [ 22%]
........................................................................ [ 23%]
........................................................................ [ 24%]
..................s..................................................... [ 26%]
........................................................................ [ 27%]
........................................................................ [ 28%]
........................................................................ [ 29%]
........................................................................ [ 30%]
........................................................................ [ 31%]
........................................................................ [ 32%]
........................................................................ [ 34%]
........................................................................ [ 35%]
........................................................................ [ 36%]
........................................................................ [ 37%]
........................................................................ [ 38%]
........................................................................ [ 39%]
........................................................................ [ 40%]
........................................................................ [ 41%]
........................................................................ [ 43%]
........................................................................ [ 44%]
........................................................................ [ 45%]
........................................................................ [ 46%]
........................................................................ [ 47%]
........................................................................ [ 48%]
........................................................................ [ 49%]
........................................................................ [ 51%]
........................................................................ [ 52%]
........................................................................ [ 53%]
........................................................................ [ 54%]
........................................................................ [ 55%]
........................................................................ [ 56%]
........................................................................ [ 57%]
........................................................................ [ 59%]
........................................................................ [ 60%]
........................................................................ [ 61%]
........................................................................ [ 62%]
........................................................................ [ 63%]
........................................................................ [ 64%]
........................................................................ [ 65%]
........................................................................ [ 66%]
........................................................................ [ 68%]
........................................................................ [ 69%]
........................................................................ [ 70%]
........................................................................ [ 71%]
........................................................................ [ 72%]
........................................................................ [ 73%]
........................................................................ [ 74%]
........................................................................ [ 76%]
........................................................................ [ 77%]
........................................................................ [ 78%]
........................................................................ [ 79%]
........................................................................ [ 80%]
........................................................................ [ 81%]
........................................................................ [ 82%]
........................................................................ [ 83%]
........................................................................ [ 85%]
........................................................................ [ 86%]
........................................................................ [ 87%]
........................................................................ [ 88%]
........................................................................ [ 89%]
................................................................................................................ [ 91%]
........................................................................ [ 92%]
........................................................................ [ 93%]
.....................................................................s.. [ 94%]
........................................F............................... [ 95%]
........................................................................ [ 97%]
........................................................................ [ 98%]
........................................................................ [ 99%]
...............s.......................                                  [100%]
=================================== FAILURES ===================================
_ test_sorgfaeltiges_modell_ergibt_einen_satz_mit_beleg_und_keine_falsche_aussage _
messlatte/tests/test_antwort_saetze.py:59: in test_sorgfaeltiges_modell_ergibt_einen_satz_mit_beleg_und_keine_falsche_aussage
    assert ergebnis.text.startswith('Das Angebot muss bis zum 26. Oktober raus. [')
E   AssertionError: assert False
E    +  where False = <built-in method startswith of str object at 0x7c15075800>('Das Angebot muss bis zum 26. Oktober raus. [')
E    +    where <built-in method startswith of str object at 0x7c15075800> = 'Quelle berichtet · automatisch eingeordnet\n\nAngabe · Führung Gutenberg-Museum Mainz · neueste Quelle\nTermin: Führu...ng. Das Angebot benötigen wir bis zum 12. Oktober.\n\nViele Grüße\nSabine Becker\n\nQuellenzeit: 20.08.2026, 10:12 Uhr'.startswith
E    +      where 'Quelle berichtet · automatisch eingeordnet\n\nAngabe · Führung Gutenberg-Museum Mainz · neueste Quelle\nTermin: Führu...ng. Das Angebot benötigen wir bis zum 12. Oktober.\n\nViele Grüße\nSabine Becker\n\nQuellenzeit: 20.08.2026, 10:12 Uhr' = AntwortErgebnis(frage_id='mainz-01', text='Quelle berichtet · automatisch eingeordnet\n\nAngabe · Führung Gutenberg-Mu...0.0, 'satzpruefung': 0.001, 'gesamt': 0.06}, verworfen_satzpruefung=1, verworfen_pruefmodell=0, pruefung='kein_modell').text
=============================== warnings summary ===============================
../../../../../../../../private/tmp/kingfisher-review-20261006-venv/lib/python3.12/site-packages/fastapi/testclient.py:1
  /private/tmp/kingfisher-review-20261006-venv/lib/python3.12/site-packages/fastapi/testclient.py:1: StarletteDeprecationWarning: Using `httpx` with `starlette.testclient` is deprecated; install `httpx2` instead.
    from starlette.testclient import TestClient as TestClient  # noqa

tests/test_pruefe_anfuehrungszeichen.py::test_der_bestand_des_repositorys_ist_sauber
  <unknown>:117: SyntaxWarning: invalid escape sequence '\('

-- Docs: https://docs.pytest.org/en/stable/how-to/capture-warnings.html
=========================== short test summary info ============================
FAILED sidecar/test_antwort_saetze.py::test_sorgfaeltiges_modell_ergibt_einen_satz_mit_beleg_und_keine_falsche_aussage
1 failed, 6339 passed, 3 skipped, 2 warnings, 32 subtests passed in 845.69s (0:14:05)
