.........FFF                                                             [100%]
=================================== FAILURES ===================================
_ test_reconciliation_public_return_rechecks_source_after_provider_read[existing] _

tmp_path = PosixPath('/private/var/folders/7b/xbphbg7j4bs5br02n5sj8k4r0000gn/T/pytest-of-sorenkube/pytest-1022/test_reconciliation_public_ret0')
outcome = 'existing'

    @pytest.mark.parametrize('outcome',['existing','missing','error'])
    def test_reconciliation_public_return_rechecks_source_after_provider_read(tmp_path,outcome):
        service,_,_,provider=action_service(tmp_path)
        valid={'value':True}
        @contextmanager
        def guard(binding):
            if not valid['value']:raise ActionError('Quelle entzogen.',409)
            yield
        service.source_guard=guard
        draft=service.draft(**INPUT,mail_preparation=BINDING)
        # Simulate the durable uncertainty after a lost response.
        with service._db() as db:
            raw=json.loads(db.execute('SELECT record FROM actions WHERE id=?',(draft['id'],)).fetchone()['record'])
            raw['status']='uncertain';raw['write_attempted']=True
            db.execute('UPDATE actions SET status=?,record=? WHERE id=?',('uncertain',json.dumps(raw),draft['id']))
        def event(*args):
            valid['value']=False
            if outcome=='error':raise OSError('read failed')
            return {**raw['body']} if outcome=='existing' else None
        provider.event=event
>       with pytest.raises(ActionError):service.execute(draft['id'],confirmed=True,stand=draft['stand'])
             ^^^^^^^^^^^^^^^^^^^^^^^^^^
E       Failed: DID NOT RAISE ActionError

sidecar/tests/test_mail_calendar_action_binding.py:155: Failed
_ test_reconciliation_public_return_rechecks_source_after_provider_read[missing] _

tmp_path = PosixPath('/private/var/folders/7b/xbphbg7j4bs5br02n5sj8k4r0000gn/T/pytest-of-sorenkube/pytest-1022/test_reconciliation_public_ret1')
outcome = 'missing'

    @pytest.mark.parametrize('outcome',['existing','missing','error'])
    def test_reconciliation_public_return_rechecks_source_after_provider_read(tmp_path,outcome):
        service,_,_,provider=action_service(tmp_path)
        valid={'value':True}
        @contextmanager
        def guard(binding):
            if not valid['value']:raise ActionError('Quelle entzogen.',409)
            yield
        service.source_guard=guard
        draft=service.draft(**INPUT,mail_preparation=BINDING)
        # Simulate the durable uncertainty after a lost response.
        with service._db() as db:
            raw=json.loads(db.execute('SELECT record FROM actions WHERE id=?',(draft['id'],)).fetchone()['record'])
            raw['status']='uncertain';raw['write_attempted']=True
            db.execute('UPDATE actions SET status=?,record=? WHERE id=?',('uncertain',json.dumps(raw),draft['id']))
        def event(*args):
            valid['value']=False
            if outcome=='error':raise OSError('read failed')
            return {**raw['body']} if outcome=='existing' else None
        provider.event=event
>       with pytest.raises(ActionError):service.execute(draft['id'],confirmed=True,stand=draft['stand'])
             ^^^^^^^^^^^^^^^^^^^^^^^^^^
E       Failed: DID NOT RAISE ActionError

sidecar/tests/test_mail_calendar_action_binding.py:155: Failed
_ test_reconciliation_public_return_rechecks_source_after_provider_read[error] _

tmp_path = PosixPath('/private/var/folders/7b/xbphbg7j4bs5br02n5sj8k4r0000gn/T/pytest-of-sorenkube/pytest-1022/test_reconciliation_public_ret2')
outcome = 'error'

    @pytest.mark.parametrize('outcome',['existing','missing','error'])
    def test_reconciliation_public_return_rechecks_source_after_provider_read(tmp_path,outcome):
        service,_,_,provider=action_service(tmp_path)
        valid={'value':True}
        @contextmanager
        def guard(binding):
            if not valid['value']:raise ActionError('Quelle entzogen.',409)
            yield
        service.source_guard=guard
        draft=service.draft(**INPUT,mail_preparation=BINDING)
        # Simulate the durable uncertainty after a lost response.
        with service._db() as db:
            raw=json.loads(db.execute('SELECT record FROM actions WHERE id=?',(draft['id'],)).fetchone()['record'])
            raw['status']='uncertain';raw['write_attempted']=True
            db.execute('UPDATE actions SET status=?,record=? WHERE id=?',('uncertain',json.dumps(raw),draft['id']))
        def event(*args):
            valid['value']=False
            if outcome=='error':raise OSError('read failed')
            return {**raw['body']} if outcome=='existing' else None
        provider.event=event
>       with pytest.raises(ActionError):service.execute(draft['id'],confirmed=True,stand=draft['stand'])
             ^^^^^^^^^^^^^^^^^^^^^^^^^^
E       Failed: DID NOT RAISE ActionError

sidecar/tests/test_mail_calendar_action_binding.py:155: Failed
=============================== warnings summary ===============================
../../../../../../../../private/tmp/kingfisher-review-20261006-venv/lib/python3.12/site-packages/fastapi/testclient.py:1
  /private/tmp/kingfisher-review-20261006-venv/lib/python3.12/site-packages/fastapi/testclient.py:1: StarletteDeprecationWarning: Using `httpx` with `starlette.testclient` is deprecated; install `httpx2` instead.
    from starlette.testclient import TestClient as TestClient  # noqa

-- Docs: https://docs.pytest.org/en/stable/how-to/capture-warnings.html
=========================== short test summary info ============================
FAILED sidecar/tests/test_mail_calendar_action_binding.py::test_reconciliation_public_return_rechecks_source_after_provider_read[existing]
FAILED sidecar/tests/test_mail_calendar_action_binding.py::test_reconciliation_public_return_rechecks_source_after_provider_read[missing]
FAILED sidecar/tests/test_mail_calendar_action_binding.py::test_reconciliation_public_return_rechecks_source_after_provider_read[error]
3 failed, 9 passed, 1 warning in 0.31s
