F                                                                        [100%]
=================================== FAILURES ===================================
______ test_dashboard_zeigt_exakte_pending_anzahl_bei_begrenzter_auswahl _______

client = <starlette.testclient.TestClient object at 0x10d95d8e0>

    def test_dashboard_zeigt_exakte_pending_anzahl_bei_begrenzter_auswahl(client) -> None:
        for index in range(23):
            client.app.state.proposals.propose(
                ProposalKind.CONFIRMATION,
                f"Synthetic confirmation {index}",
                "Synthetic test proposal",
                about=[f"assertion:synthetic-{index}"],
            )
        before = client.app.state.proposals.counts().copy()

        result = client.get("/dashboard?post=false").json()["proposals"]

>       assert result["pending"] == 23
E       assert 20 == 23

sidecar/tests/test_verdichtung.py:579: AssertionError
=============================== warnings summary ===============================
tests/test_verdichtung.py::test_dashboard_zeigt_exakte_pending_anzahl_bei_begrenzter_auswahl
  /private/tmp/kingfisher-review-20261006-venv/lib/python3.12/site-packages/fastapi/testclient.py:1: StarletteDeprecationWarning: Using `httpx` with `starlette.testclient` is deprecated; install `httpx2` instead.
    from starlette.testclient import TestClient as TestClient  # noqa

-- Docs: https://docs.pytest.org/en/stable/how-to/capture-warnings.html
=========================== short test summary info ============================
FAILED sidecar/tests/test_verdichtung.py::test_dashboard_zeigt_exakte_pending_anzahl_bei_begrenzter_auswahl
1 failed, 1 warning in 2.62s
