
> kingfisher-ui@0.1.0 test
> node --experimental-strip-types --test tests/*.test.mjs

TAP version 13
# Subtest: gemeinsame Quellen werden nicht als Beteiligte bezeichnet
ok 1 - gemeinsame Quellen werden nicht als Beteiligte bezeichnet
  ---
  duration_ms: 0.904375
  type: 'test'
  ...
# Subtest: Ohne Ordner sagt die Karte nichts zum Stand und fragt nicht nach
ok 2 - Ohne Ordner sagt die Karte nichts zum Stand und fragt nicht nach
  ---
  duration_ms: 54.025917
  type: 'test'
  ...
# Subtest: Angekommen: letzter Stand mit Dateizahl, ruhig
ok 3 - Angekommen: letzter Stand mit Dateizahl, ruhig
  ---
  duration_ms: 73.983959
  type: 'test'
  ...
# Subtest: Unterwegs: der Helfer fehlt, der Helfer schreibt, der Lauf läuft
ok 4 - Unterwegs: der Helfer fehlt, der Helfer schreibt, der Lauf läuft
  ---
  duration_ms: 0.295917
  type: 'test'
  ...
# Subtest: Ein Grund wird als Grund gezeigt und löst keine Dauerabfrage aus
ok 5 - Ein Grund wird als Grund gezeigt und löst keine Dauerabfrage aus
  ---
  duration_ms: 0.19325
  type: 'test'
  ...
# Subtest: Ausgeschaltet heißt: es wird nichts geschrieben
ok 6 - Ausgeschaltet heißt: es wird nichts geschrieben
  ---
  duration_ms: 0.253833
  type: 'test'
  ...
# Subtest: Nicht geschriebene Akten werden genannt, nie verschwiegen
ok 7 - Nicht geschriebene Akten werden genannt, nie verschwiegen
  ---
  duration_ms: 0.193291
  type: 'test'
  ...
# Subtest: Pfade ohne Benutzerverzeichnis und Dateizahl im Singular
ok 8 - Pfade ohne Benutzerverzeichnis und Dateizahl im Singular
  ---
  duration_ms: 0.177458
  type: 'test'
  ...
# Subtest: Sekunden: unter zehn mit Komma und einer Stelle, darüber ganz
ok 9 - Sekunden: unter zehn mit Komma und einer Stelle, darüber ganz
  ---
  duration_ms: 49.556666
  type: 'test'
  ...
# Subtest: Die Zeile nennt die Gesamtzeit und die Teile ab einer Zehntelsekunde
ok 10 - Die Zeile nennt die Gesamtzeit und die Teile ab einer Zehntelsekunde
  ---
  duration_ms: 3.117167
  type: 'test'
  ...
# Subtest: Ohne gemessene Zeiten gibt es nichts zu zeigen
ok 11 - Ohne gemessene Zeiten gibt es nichts zu zeigen
  ---
  duration_ms: 2.79475
  type: 'test'
  ...
# Subtest: Bis zur Grenze gibt es keinen Satz zur Ursache
ok 12 - Bis zur Grenze gibt es keinen Satz zur Ursache
  ---
  duration_ms: 0.148458
  type: 'test'
  ...
# Subtest: Über der Grenze nennt ein Satz den größten Teil
ok 13 - Über der Grenze nennt ein Satz den größten Teil
  ---
  duration_ms: 0.542209
  type: 'test'
  ...
# Subtest: Prägt kein einzelner Teil die Zeit, sagt der Satz das
ok 14 - Prägt kein einzelner Teil die Zeit, sagt der Satz das
  ---
  duration_ms: 0.112708
  type: 'test'
  ...
# Subtest: Das Protokoll zeigt nur gemessene Abschnitte, die Gesamtzeit zuletzt
ok 15 - Das Protokoll zeigt nur gemessene Abschnitte, die Gesamtzeit zuletzt
  ---
  duration_ms: 0.574542
  type: 'test'
  ...
# Subtest: Der Satz über dem Protokoll sagt im Ziel oder darüber, ohne Technik
ok 16 - Der Satz über dem Protokoll sagt im Ziel oder darüber, ohne Technik
  ---
  duration_ms: 0.4245
  type: 'test'
  ...
# Subtest: Zählsatz ohne Prozent und ohne Fachwort
ok 17 - Zählsatz ohne Prozent und ohne Fachwort
  ---
  duration_ms: 3.0045
  type: 'test'
  ...
# Subtest: Zwei Klicks nur bei Widersprüchen mit offenem Vorschlag; auf dem Knopf steht der Wert
ok 18 - Zwei Klicks nur bei Widersprüchen mit offenem Vorschlag; auf dem Knopf steht der Wert
  ---
  duration_ms: 1.13925
  type: 'test'
  ...
# Subtest: Entscheidungen zuerst, ruhende Akten gesammelt unten
ok 19 - Entscheidungen zuerst, ruhende Akten gesammelt unten
  ---
  duration_ms: 0.155125
  type: 'test'
  ...
# Subtest: Nach jedem Klick ein Satz, was passiert ist
ok 20 - Nach jedem Klick ein Satz, was passiert ist
  ---
  duration_ms: 0.179666
  type: 'test'
  ...
# Subtest: Ein Beleg ohne Kennzeichnung hat keinen Hinweis
ok 21 - Ein Beleg ohne Kennzeichnung hat keinen Hinweis
  ---
  duration_ms: 15.46875
  type: 'test'
  ...
# Subtest: Namensvetter und Zeitraum erscheinen als Hinweis mit Adresse und Datum
ok 22 - Namensvetter und Zeitraum erscheinen als Hinweis mit Adresse und Datum
  ---
  duration_ms: 0.244125
  type: 'test'
  ...
# Subtest: Überholt steht vor den Kennzeichen, nichts doppelt
ok 23 - Überholt steht vor den Kennzeichen, nichts doppelt
  ---
  duration_ms: 0.093791
  type: 'test'
  ...
# Subtest: jede Antwort sagt, worauf sie sich stützt, oder deutlich, dass sie ohne Beleg ist
ok 24 - jede Antwort sagt, worauf sie sich stützt, oder deutlich, dass sie ohne Beleg ist
  ---
  duration_ms: 3.158458
  type: 'test'
  ...
# Subtest: Fragen, Fehler, Rückfragen und Hinweise des Programms tragen keine Belegzeile
ok 25 - Fragen, Fehler, Rückfragen und Hinweise des Programms tragen keine Belegzeile
  ---
  duration_ms: 0.221959
  type: 'test'
  ...
# Subtest: „Stimmt nicht?“ nur unter Antworten, nicht unter dem Gedächtnisvorschlag oder anderen Hinweisen (Befund 14)
ok 26 - „Stimmt nicht?“ nur unter Antworten, nicht unter dem Gedächtnisvorschlag oder anderen Hinweisen (Befund 14)
  ---
  duration_ms: 0.60475
  type: 'test'
  ...
# Subtest: nach „Melden“ steht, was mit der Meldung geschieht (Befund 12)
ok 27 - nach „Melden“ steht, was mit der Meldung geschieht (Befund 12)
  ---
  duration_ms: 0.849792
  type: 'test'
  ...
# Subtest: die linke Spalte widerspricht keiner belegten Antwort
ok 28 - die linke Spalte widerspricht keiner belegten Antwort
  ---
  duration_ms: 1.553084
  type: 'test'
  ...
# Subtest: keine englischen Beschriftungen im Briefing, Zurück heißt „Zurück zu Heute“
ok 29 - keine englischen Beschriftungen im Briefing, Zurück heißt „Zurück zu Heute“
  ---
  duration_ms: 5.131
  type: 'test'
  ...
# Subtest: ohne lokales Audio kein Spieler
ok 30 - ohne lokales Audio kein Spieler
  ---
  duration_ms: 0.968084
  type: 'test'
  ...
# Subtest: Datum und Überschrift liegen auf einer Fläche über dem Bild
ok 31 - Datum und Überschrift liegen auf einer Fläche über dem Bild
  ---
  duration_ms: 1.795416
  type: 'test'
  ...
# Subtest: only a prepared draft can be executed; an unknown result requires checking
ok 32 - only a prepared draft can be executed; an unknown result requires checking
  ---
  duration_ms: 2.597833
  type: 'test'
  ...
# Subtest: datetime inputs preserve the device-local instant and reject all-day/invalid values
ok 33 - datetime inputs preserve the device-local instant and reject all-day/invalid values
  ---
  duration_ms: 29.024792
  type: 'test'
  ...
# Subtest: provider IDs are extracted only from the exact named source namespace
ok 34 - provider IDs are extracted only from the exact named source namespace
  ---
  duration_ms: 0.25475
  type: 'test'
  ...
# Subtest: editing a title preserves an unchanged original instant including seconds and DST offset
ok 35 - editing a title preserves an unchanged original instant including seconds and DST offset
  ---
  duration_ms: 0.479042
  type: 'test'
  ...
# Subtest: new ambiguous or nonexistent local times are rejected instead of silently shifted
ok 36 - new ambiguous or nonexistent local times are rejected instead of silently shifted
  ---
  duration_ms: 479.717292
  type: 'test'
  ...
# Subtest: preparation selects an exact series occurrence and rejects an ambiguous UID-only link
ok 37 - preparation selects an exact series occurrence and rejects an ambiguous UID-only link
  ---
  duration_ms: 1.459708
  type: 'test'
  ...
# Subtest: calendar windows use exact visible local day boundaries
ok 38 - calendar windows use exact visible local day boundaries
  ---
  duration_ms: 3.272166
  type: 'test'
  ...
# Subtest: calendar windows navigate across years, including a week crossing New Year
ok 39 - calendar windows navigate across years, including a week crossing New Year
  ---
  duration_ms: 0.851708
  type: 'test'
  ...
# Subtest: local calendar windows retain 23-hour days across spring clock change
ok 40 - local calendar windows retain 23-hour days across spring clock change
  ---
  duration_ms: 0.129
  type: 'test'
  ...
# Subtest: seven-day agenda includes a running multiday event and excludes events outside the period
ok 41 - seven-day agenda includes a running multiday event and excludes events outside the period
  ---
  duration_ms: 0.424958
  type: 'test'
  ...
# Subtest: all-day event has an exclusive end, including across the year boundary
ok 42 - all-day event has an exclusive end, including across the year boundary
  ---
  duration_ms: 0.104375
  type: 'test'
  ...
# Subtest: missing or unusable end timestamps are point events on their actual start day
ok 43 - missing or unusable end timestamps are point events on their actual start day
  ---
  duration_ms: 0.2135
  type: 'test'
  ...
# Subtest: a local day spanning the autumn clock change includes both repeated clock hours
ok 44 - a local day spanning the autumn clock change includes both repeated clock hours
  ---
  duration_ms: 0.092625
  type: 'test'
  ...
# Subtest: dated preparation links leave the current seven-day list when necessary
ok 45 - dated preparation links leave the current seven-day list when necessary
  ---
  duration_ms: 0.584917
  type: 'test'
  ...
# Subtest: failure codes map to static safe labels and unknown values use generic wording
ok 46 - failure codes map to static safe labels and unknown values use generic wording
  ---
  duration_ms: 2.232667
  type: 'test'
  ...
# Subtest: cloud access change notifies mounted settings listeners and unsubscribe detaches them
ok 47 - cloud access change notifies mounted settings listeners and unsubscribe detaches them
  ---
  duration_ms: 1.7015
  type: 'test'
  ...
# Subtest: cloud access save omits an empty key so changing a model keeps the saved secret
ok 48 - cloud access save omits an empty key so changing a model keeps the saved secret
  ---
  duration_ms: 3.793583
  type: 'test'
  ...
# Subtest: cloud access save only sends the key that was typed and permits an empty model
ok 49 - cloud access save only sends the key that was typed and permits an empty model
  ---
  duration_ms: 0.124917
  type: 'test'
  ...
# Subtest: category failure distinguishes the completed basic classification
ok 50 - category failure distinguishes the completed basic classification
  ---
  duration_ms: 1.16425
  type: 'test'
  ...
# Subtest: missing or repeated entity evidence has specific readable explanation
ok 51 - missing or repeated entity evidence has specific readable explanation
  ---
  duration_ms: 0.35775
  type: 'test'
  ...
# Subtest: unknown codes and reasons never echo arbitrary provider content
ok 52 - unknown codes and reasons never echo arbitrary provider content
  ---
  duration_ms: 0.291291
  type: 'test'
  ...
# Subtest: source limit does not claim all rejected sources are too long
ok 53 - source limit does not claim all rejected sources are too long
  ---
  duration_ms: 0.140292
  type: 'test'
  ...
# Subtest: Remaining candidates keep their page even when older pages exist
ok 54 - Remaining candidates keep their page even when older pages exist
  ---
  duration_ms: 2.355458
  type: 'test'
  ...
# Subtest: Only exhausted bulk pages advance, with at most four metadata requests
ok 55 - Only exhausted bulk pages advance, with at most four metadata requests
  ---
  duration_ms: 0.153375
  type: 'test'
  ...
# Subtest: Stop at first eligible page and never skip a manual quality sample
ok 56 - Stop at first eligible page and never skip a manual quality sample
  ---
  duration_ms: 0.143167
  type: 'test'
  ...
# Subtest: an empty day with missing sources never claims nothing needs preparing
ok 57 - an empty day with missing sources never claims nothing needs preparing
  ---
  duration_ms: 1.205833
  type: 'test'
  ...
# Subtest: unconnected calendar is visible and never presented as an empty successful agenda
ok 58 - unconnected calendar is visible and never presented as an empty successful agenda
  ---
  duration_ms: 0.206292
  type: 'test'
  ...
# Subtest: pending mail remains an explicit incomplete overview
ok 59 - pending mail remains an explicit incomplete overview
  ---
  duration_ms: 0.087667
  type: 'test'
  ...
# Subtest: source success wording describes an overview, not verified source synchronization
ok 60 - source success wording describes an overview, not verified source synchronization
  ---
  duration_ms: 0.070458
  type: 'test'
  ...
# Subtest: mail activity goes straight to its exact mail while raw source remains separately addressable
ok 61 - mail activity goes straight to its exact mail while raw source remains separately addressable
  ---
  duration_ms: 4.489083
  type: 'test'
  ...
# Subtest: refresh coalesces concurrent requests, throttles automatic refresh, and allows explicit retry
ok 62 - refresh coalesces concurrent requests, throttles automatic refresh, and allows explicit retry
  ---
  duration_ms: 0.32275
  type: 'test'
  ...
# Subtest: failed refresh reports failure and can be explicitly retried without losing previous value
ok 63 - failed refresh reports failure and can be explicitly retried without losing previous value
  ---
  duration_ms: 0.36225
  type: 'test'
  ...
# Subtest: an explicit change during an old request queues one fresh snapshot afterwards
ok 64 - an explicit change during an old request queues one fresh snapshot afterwards
  ---
  duration_ms: 7.807917
  type: 'test'
  ...
# Subtest: TypeScript-Dateinamen sind auf Macs eindeutig auflösbar
ok 65 - TypeScript-Dateinamen sind auf Macs eindeutig auflösbar
  ---
  duration_ms: 15.541458
  type: 'test'
  ...
# Subtest: Nach dem Start steht der Fortschritt da, nicht nur „gestartet“
ok 66 - Nach dem Start steht der Fortschritt da, nicht nur „gestartet“
  ---
  duration_ms: 60.706667
  type: 'test'
  ...
# Subtest: Während gezählt wird, sagt der Satz das
ok 67 - Während gezählt wird, sagt der Satz das
  ---
  duration_ms: 0.284875
  type: 'test'
  ...
# Subtest: Ein Fehler und eine Pause werden genannt
ok 68 - Ein Fehler und eine Pause werden genannt
  ---
  duration_ms: 0.327125
  type: 'test'
  ...
# Subtest: Fertig heißt: alle gelesen
ok 69 - Fertig heißt: alle gelesen
  ---
  duration_ms: 0.335084
  type: 'test'
  ...
# Subtest: Gescheiterte Mails: der Satz mit Grund statt „0 von 5 Mails gelesen“ (Fremdprobe 3, Befund 2)
ok 70 - Gescheiterte Mails: der Satz mit Grund statt „0 von 5 Mails gelesen“ (Fremdprobe 3, Befund 2)
  ---
  duration_ms: 0.585333
  type: 'test'
  ...
# Subtest: Ein ausgefilterter Newsletter zählt als gelesen; das Postfach bleibt nicht bei „4 von 5“ stehen
ok 71 - Ein ausgefilterter Newsletter zählt als gelesen; das Postfach bleibt nicht bei „4 von 5“ stehen
  ---
  duration_ms: 0.165125
  type: 'test'
  ...
# Subtest: Die Reihenfolge ist Name, Mail, Kalender, Rechner, Freigaben, Anmelden, Fertig
ok 72 - Die Reihenfolge ist Name, Mail, Kalender, Rechner, Freigaben, Anmelden, Fertig
  ---
  duration_ms: 4.326625
  type: 'test'
  ...
# Subtest: Frischer Bestand beginnt beim Namen
ok 73 - Frischer Bestand beginnt beim Namen
  ---
  duration_ms: 0.325666
  type: 'test'
  ...
# Subtest: Überspringen zählt als Fortschritt: der nächste offene Schritt ist dran
ok 74 - Überspringen zählt als Fortschritt: der nächste offene Schritt ist dran
  ---
  duration_ms: 0.128958
  type: 'test'
  ...
# Subtest: Wiederaufnahme: dort weitermachen, wo man aufgehört hat
ok 75 - Wiederaufnahme: dort weitermachen, wo man aufgehört hat
  ---
  duration_ms: 0.134375
  type: 'test'
  ...
# Subtest: Ein ausdrücklich gewünschter Schritt geht vor (Link „Mail verbinden“ auf der Startseite)
ok 76 - Ein ausdrücklich gewünschter Schritt geht vor (Link „Mail verbinden“ auf der Startseite)
  ---
  duration_ms: 0.278209
  type: 'test'
  ...
# Subtest: Was schon da ist, zählt als erledigt, auch ohne Assistenten
ok 77 - Was schon da ist, zählt als erledigt, auch ohne Assistenten
  ---
  duration_ms: 0.120416
  type: 'test'
  ...
# Subtest: Sind alle Schritte getan oder übersprungen, ist „fertig“ dran
ok 78 - Sind alle Schritte getan oder übersprungen, ist „fertig“ dran
  ---
  duration_ms: 0.283333
  type: 'test'
  ...
# Subtest: Ein wieder geöffneter Schritt ist wieder offen
ok 79 - Ein wieder geöffneter Schritt ist wieder offen
  ---
  duration_ms: 0.154833
  type: 'test'
  ...
# Subtest: Weiter und Zurück bleiben in den Grenzen
ok 80 - Weiter und Zurück bleiben in den Grenzen
  ---
  duration_ms: 0.660084
  type: 'test'
  ...
# Subtest: Schrittzähler zählt, was die Schrittleiste zeigt (Befund 27)
ok 81 - Schrittzähler zählt, was die Schrittleiste zeigt (Befund 27)
  ---
  duration_ms: 0.841917
  type: 'test'
  ...
# Subtest: Später weitermachen nimmt den getippten Namen mit (Befund 21)
ok 82 - Später weitermachen nimmt den getippten Namen mit (Befund 21)
  ---
  duration_ms: 0.2655
  type: 'test'
  ...
# Subtest: Der Assistent geht nur auf, wenn der Sidecar es sagt
ok 83 - Der Assistent geht nur auf, wenn der Sidecar es sagt
  ---
  duration_ms: 0.115125
  type: 'test'
  ...
# Subtest: Leere Startseite: genau ein nächster Schritt, Mail zuerst
ok 84 - Leere Startseite: genau ein nächster Schritt, Mail zuerst
  ---
  duration_ms: 0.13275
  type: 'test'
  ...
# Subtest: Während die Mails gelesen werden, zeigt die Startseite den Fortschritt statt eines weiteren Hinweises
ok 85 - Während die Mails gelesen werden, zeigt die Startseite den Fortschritt statt eines weiteren Hinweises
  ---
  duration_ms: 0.078791
  type: 'test'
  ...
# Subtest: Der Anbieter wird an der Adresse erkannt, nie nach einem Server gefragt
ok 86 - Der Anbieter wird an der Adresse erkannt, nie nach einem Server gefragt
  ---
  duration_ms: 0.149541
  type: 'test'
  ...
# Subtest: Ohne Autostart-Helfer entfällt „Beim Anmelden“, und die Zählung bleibt stimmig (Befund 26)
ok 87 - Ohne Autostart-Helfer entfällt „Beim Anmelden“, und die Zählung bleibt stimmig (Befund 26)
  ---
  duration_ms: 0.344625
  type: 'test'
  ...
# Subtest: KI-Modelle sind direkt erreichbar; „Für Techniker“ steht hinten und als einziger abgesetzt
ok 88 - KI-Modelle sind direkt erreichbar; „Für Techniker“ steht hinten und als einziger abgesetzt
  ---
  duration_ms: 7.41175
  type: 'test'
  ...
# Subtest: es gibt genau fünf Schalter, und bei jedem steht, was den Rechner verlässt
ok 89 - es gibt genau fünf Schalter, und bei jedem steht, was den Rechner verlässt
  ---
  duration_ms: 0.353375
  type: 'test'
  ...
# Subtest: die Technik-Abschnitte sind vollständig, eindeutig und in Technik.tsx verdrahtet
ok 90 - die Technik-Abschnitte sind vollständig, eindeutig und in Technik.tsx verdrahtet
  ---
  duration_ms: 1.613458
  type: 'test'
  ...
# Subtest: jede alte Kennung und jede neue führt an einen Ort, der existiert
ok 91 - jede alte Kennung und jede neue führt an einen Ort, der existiert
  ---
  duration_ms: 1.290833
  type: 'test'
  ...
# Subtest: der Fachwort-Erkenner findet ganze Wörter und lässt Alltagswörter in Ruhe
ok 92 - der Fachwort-Erkenner findet ganze Wörter und lässt Alltagswörter in Ruhe
  ---
  duration_ms: 155.807541
  type: 'test'
  ...
# Subtest: vorne steht kein Fachwort: nicht in den Texten der Gliederung
ok 93 - vorne steht kein Fachwort: nicht in den Texten der Gliederung
  ---
  duration_ms: 149.75625
  type: 'test'
  ...
# Subtest: vorne steht kein Fachwort: auch nicht in den Dateien, die vorne angezeigt werden
ok 94 - vorne steht kein Fachwort: auch nicht in den Dateien, die vorne angezeigt werden
  ---
  duration_ms: 24.9715
  type: 'test'
  ...
# Subtest: die Texterkennung sieht Zeichenketten und Text zwischen Tags, aber keine Kommentare
ok 95 - die Texterkennung sieht Zeichenketten und Text zwischen Tags, aber keine Kommentare
  ---
  duration_ms: 0.348583
  type: 'test'
  ...
# Subtest: die Seite ist nicht mehr 1280 px breit: Mindestbreite aufgehoben, Karten stapeln, Seitenleiste wird ein Streifen
ok 96 - die Seite ist nicht mehr 1280 px breit: Mindestbreite aufgehoben, Karten stapeln, Seitenleiste wird ein Streifen
  ---
  duration_ms: 7.015125
  type: 'test'
  ...
# Subtest: ohne neue Fassung kein Hinweis
ok 97 - ohne neue Fassung kein Hinweis
  ---
  duration_ms: 1.762667
  type: 'test'
  ...
# Subtest: in der App: erste Neuerung, ein Satz vorher, der Knopf
ok 98 - in der App: erste Neuerung, ein Satz vorher, der Knopf
  ---
  duration_ms: 1.3155
  type: 'test'
  ...
# Subtest: im Browser statt des Knopfs der Satz zur App
ok 99 - im Browser statt des Knopfs der Satz zur App
  ---
  duration_ms: 0.106709
  type: 'test'
  ...
# Subtest: braucht die Fassung eine neue App, gibt es keinen Knopf, sondern den Weg zur Download-Seite
ok 100 - braucht die Fassung eine neue App, gibt es keinen Knopf, sondern den Weg zur Download-Seite
  ---
  duration_ms: 0.187
  type: 'test'
  ...
# Subtest: über die Brücke gehen genau Aktion, Fassung und Bild
ok 101 - über die Brücke gehen genau Aktion, Fassung und Bild
  ---
  duration_ms: 0.224125
  type: 'test'
  ...
# Subtest: die Brücke wird nur im Fenster der App gefunden
ok 102 - die Brücke wird nur im Fenster der App gefunden
  ---
  duration_ms: 0.184083
  type: 'test'
  ...
# Subtest: Rückmeldung nach dem Neuladen: einmal, und je nachdem, welche Fassung läuft
ok 103 - Rückmeldung nach dem Neuladen: einmal, und je nachdem, welche Fassung läuft
  ---
  duration_ms: 0.330708
  type: 'test'
  ...
# Subtest: ohne Ablage (privates Fenster) wirft nichts
ok 104 - ohne Ablage (privates Fenster) wirft nichts
  ---
  duration_ms: 0.205166
  type: 'test'
  ...
# Subtest: „Jetzt nachsehen“ antwortet immer mit einem Satz
ok 105 - „Jetzt nachsehen“ antwortet immer mit einem Satz
  ---
  duration_ms: 0.498791
  type: 'test'
  ...
# Subtest: Fassung und Zeitpunkt für Menschen
ok 106 - Fassung und Zeitpunkt für Menschen
  ---
  duration_ms: 70.310333
  type: 'test'
  ...
# Subtest: der Satz zur täglichen Prüfung sagt, wen Kingfisher fragt und dass über dich nichts hinausgeht
ok 107 - der Satz zur täglichen Prüfung sagt, wen Kingfisher fragt und dass über dich nichts hinausgeht
  ---
  duration_ms: 0.3555
  type: 'test'
  ...
# Subtest: Heute zeigt den Hinweis, Kingfisher und du die Einstellung, Für Techniker den Befehl
ok 108 - Heute zeigt den Hinweis, Kingfisher und du die Einstellung, Für Techniker den Befehl
  ---
  duration_ms: 5.077875
  type: 'test'
  ...
# Subtest: „Dein Briefing ist bereit“ nur, wenn das Postfach antwortet (Befund 5)
ok 109 - „Dein Briefing ist bereit“ nur, wenn das Postfach antwortet (Befund 5)
  ---
  duration_ms: 6.793625
  type: 'test'
  ...
# Subtest: Die Automatik wird einmal angeboten, nur wo sie laufen kann (Befund 17)
ok 110 - Die Automatik wird einmal angeboten, nur wo sie laufen kann (Befund 17)
  ---
  duration_ms: 2.615042
  type: 'test'
  ...
# Subtest: Lädt das Sprachmodell noch, wird das Sortieren vorgemerkt: die Fertig-Seite verspricht die Einordnung (Fremdprobe 3, Befund 3)
ok 111 - Lädt das Sprachmodell noch, wird das Sortieren vorgemerkt: die Fertig-Seite verspricht die Einordnung (Fremdprobe 3, Befund 3)
  ---
  duration_ms: 0.759375
  type: 'test'
  ...
# Subtest: „Verbindungen prüfen“ führt in den betroffenen Bereich (Befund 30)
ok 112 - „Verbindungen prüfen“ führt in den betroffenen Bereich (Befund 30)
  ---
  duration_ms: 0.657958
  type: 'test'
  ...
# Subtest: Die Fertig-Seite nennt nur, was verbunden ist (Fremdprobe 2, Befund 8)
ok 113 - Die Fertig-Seite nennt nur, was verbunden ist (Fremdprobe 2, Befund 8)
  ---
  duration_ms: 0.252292
  type: 'test'
  ...
# Subtest: „Schon da“ zeigt nur Zahlen, die stimmen
ok 114 - „Schon da“ zeigt nur Zahlen, die stimmen
  ---
  duration_ms: 1.384875
  type: 'test'
  ...
# Subtest: Gezählt werden die Termine erst nach dem Abgleich
ok 115 - Gezählt werden die Termine erst nach dem Abgleich
  ---
  duration_ms: 1.222041
  type: 'test'
  ...
# Subtest: Unberührt und alles aus: „Überspringen“
ok 116 - Unberührt und alles aus: „Überspringen“
  ---
  duration_ms: 2.2735
  type: 'test'
  ...
# Subtest: Was schon an ist, zählt als erledigt
ok 117 - Was schon an ist, zählt als erledigt
  ---
  duration_ms: 0.160209
  type: 'test'
  ...
# Subtest: Wer das Wetter einschaltet, bekommt „Weiter“, auch wenn noch kein Ort gewählt ist
ok 118 - Wer das Wetter einschaltet, bekommt „Weiter“, auch wenn noch kein Ort gewählt ist
  ---
  duration_ms: 0.298333
  type: 'test'
  ...
# Subtest: Wieder ausgeschaltet: kein Satz, aber angefasst bleibt angefasst
ok 119 - Wieder ausgeschaltet: kein Satz, aber angefasst bleibt angefasst
  ---
  duration_ms: 0.47225
  type: 'test'
  ...
# Subtest: Eine Änderung an Meetings oder Fahrzeiten macht den Schritt erledigt, auch wenn danach alles aus ist
ok 120 - Eine Änderung an Meetings oder Fahrzeiten macht den Schritt erledigt, auch wenn danach alles aus ist
  ---
  duration_ms: 0.264375
  type: 'test'
  ...
# Subtest: Der Schritt hört auf alle drei Einstellungen und zeigt den Satz zum Wetter
ok 121 - Der Schritt hört auf alle drei Einstellungen und zeigt den Satz zum Wetter
  ---
  duration_ms: 1.835
  type: 'test'
  ...
# Subtest: unter der eigenen Frage steht vorne kein Fachwort; alles Technische liegt im Aufklapper
ok 122 - unter der eigenen Frage steht vorne kein Fachwort; alles Technische liegt im Aufklapper
  ---
  duration_ms: 3.283625
  type: 'test'
  ...
# Subtest: nur die eigene Frage im Gespräch bekommt die schlichte Ansicht
ok 123 - nur die eigene Frage im Gespräch bekommt die schlichte Ansicht
  ---
  duration_ms: 1.292625
  type: 'test'
  ...
# Subtest: each open goal offers explicit next-step creation with a structured goal link
ok 124 - each open goal offers explicit next-step creation with a structured goal link
  ---
  duration_ms: 1.380875
  type: 'test'
  ...
# Subtest: task detail resolves and displays the linked goal after its lifecycle changes
ok 125 - task detail resolves and displays the linked goal after its lifecycle changes
  ---
  duration_ms: 0.221042
  type: 'test'
  ...
# (node:55668) ExperimentalWarning: The MockTimers API is an experimental feature and might change at any time
# (Use `node --trace-warnings ...` to show where the warning was created)
# Subtest: waiting and processing automatically advance to ready, then stop
ok 126 - waiting and processing automatically advance to ready, then stop
  ---
  duration_ms: 13.310667
  type: 'test'
  ...
# Subtest: expired stops polling and the deadline
ok 127 - expired stops polling and the deadline
  ---
  duration_ms: 0.586333
  type: 'test'
  ...
# Subtest: failed stops polling and the deadline
ok 128 - failed stops polling and the deadline
  ---
  duration_ms: 7.9405
  type: 'test'
  ...
# Subtest: connected stops polling and the deadline
ok 129 - connected stops polling and the deadline
  ---
  duration_ms: 1.563333
  type: 'test'
  ...
# Subtest: manual and focus refresh cannot overlap a pending request
ok 130 - manual and focus refresh cannot overlap a pending request
  ---
  duration_ms: 2.68975
  type: 'test'
  ...
# Subtest: temporary errors retry and do not erase a successful account
ok 131 - temporary errors retry and do not erase a successful account
  ---
  duration_ms: 1.958291
  type: 'test'
  ...
# Subtest: ten-minute limit stops a hung request and ignores its late response
ok 132 - ten-minute limit stops a hung request and ignores its late response
  ---
  duration_ms: 0.635042
  type: 'test'
  ...
# Subtest: cleanup ignores a previous flow response and cancels timers
ok 133 - cleanup ignores a previous flow response and cancels timers
  ---
  duration_ms: 0.441958
  type: 'test'
  ...
# Subtest: Ohne Einrichtung steht „Mit Google anmelden“ nicht vorne
ok 134 - Ohne Einrichtung steht „Mit Google anmelden“ nicht vorne
  ---
  duration_ms: 1.347417
  type: 'test'
  ...
# Subtest: Jede Stelle mit „Mit Google anmelden“ fragt vorher, ob es eingerichtet ist
ok 135 - Jede Stelle mit „Mit Google anmelden“ fragt vorher, ob es eingerichtet ist
  ---
  duration_ms: 1.807167
  type: 'test'
  ...
# Subtest: Der Kalender-Weg mit Google zeigt das Feld für die geheime Adresse, auch ohne Einrichtung
ok 136 - Der Kalender-Weg mit Google zeigt das Feld für die geheime Adresse, auch ohne Einrichtung
  ---
  duration_ms: 0.491375
  type: 'test'
  ...
# Subtest: Die Karte sagt in zwei Sätzen, wo die Adresse steht und was hinausgeht
ok 137 - Die Karte sagt in zwei Sätzen, wo die Adresse steht und was hinausgeht
  ---
  duration_ms: 0.373875
  type: 'test'
  ...
# Subtest: Adresse und Ergebnis
ok 138 - Adresse und Ergebnis
  ---
  duration_ms: 49.589334
  type: 'test'
  ...
# Subtest: Der Verweis zur Google-Seite heißt, wohin er führt
ok 139 - Der Verweis zur Google-Seite heißt, wohin er führt
  ---
  duration_ms: 0.182916
  type: 'test'
  ...
# Subtest: Technische Kennungen stehen nie vorne, nur für Techniker (Fremdprobe 3, Befund 9)
ok 140 - Technische Kennungen stehen nie vorne, nur für Techniker (Fremdprobe 3, Befund 9)
  ---
  duration_ms: 1.387792
  type: 'test'
  ...
# Subtest: Was ein Mensch lesen kann, steht vorne, und dann nichts doppelt unter „Für Techniker“
ok 141 - Was ein Mensch lesen kann, steht vorne, und dann nichts doppelt unter „Für Techniker“
  ---
  duration_ms: 0.134083
  type: 'test'
  ...
# Subtest: ein Zähler steht nur da, wenn es etwas zu zählen gibt
ok 142 - ein Zähler steht nur da, wenn es etwas zu zählen gibt
  ---
  duration_ms: 1.759375
  type: 'test'
  ...
# Subtest: die Kacheln zeigen ihre Zahl nur über zaehlerText, und Heute hat nur die Uhr der Seitenleiste
ok 143 - die Kacheln zeigen ihre Zahl nur über zaehlerText, und Heute hat nur die Uhr der Seitenleiste
  ---
  duration_ms: 1.695167
  type: 'test'
  ...
# Subtest: nach „Aktualisieren“ steht, was dabei herauskam (Fremdprobe 2, Befund 18)
ok 144 - nach „Aktualisieren“ steht, was dabei herauskam (Fremdprobe 2, Befund 18)
  ---
  duration_ms: 1.633333
  type: 'test'
  ...
# Subtest: Heute zeigt den Stand eines Postfachs, der erklärt, warum keine Mails dastehen (Befund 17)
ok 145 - Heute zeigt den Stand eines Postfachs, der erklärt, warum keine Mails dastehen (Befund 17)
  ---
  duration_ms: 0.322125
  type: 'test'
  ...
# Subtest: Heute und Aufgabenquelle unterscheiden Quelldatum und Erfassungszeit
ok 146 - Heute und Aufgabenquelle unterscheiden Quelldatum und Erfassungszeit
  ---
  duration_ms: 1.887208
  type: 'test'
  ...
# Subtest: Die Gesamtzeile nennt Quellen und Schätzung
ok 147 - Die Gesamtzeile nennt Quellen und Schätzung
  ---
  duration_ms: 30.941417
  type: 'test'
  ...
# Subtest: Dieselbe Arbeit erscheint nicht zweimal: mit Gesamtzeile kein Sortieren der Mails
ok 148 - Dieselbe Arbeit erscheint nicht zweimal: mit Gesamtzeile kein Sortieren der Mails
  ---
  duration_ms: 1.824666
  type: 'test'
  ...
# Subtest: Ohne Freigabe, ohne Modell oder fertig: keine Zeile, kein Satz, kein Knopf
ok 149 - Ohne Freigabe, ohne Modell oder fertig: keine Zeile, kein Satz, kein Knopf
  ---
  duration_ms: 0.206583
  type: 'test'
  ...
# Subtest: Pausiert: die Zeile bleibt mit Knopf „Weiter“, ohne Satz zum Anbleiben
ok 150 - Pausiert: die Zeile bleibt mit Knopf „Weiter“, ohne Satz zum Anbleiben
  ---
  duration_ms: 0.140625
  type: 'test'
  ...
# Subtest: Ohne Modell, aber Mails werden gelesen: „Pausieren“ steht auf Heute (Fremdprobe 3, Befund 5)
ok 151 - Ohne Modell, aber Mails werden gelesen: „Pausieren“ steht auf Heute (Fremdprobe 3, Befund 5)
  ---
  duration_ms: 0.352875
  type: 'test'
  ...
# Subtest: Eine Akku-Pause erklärt auch den wartenden Mailimport ohne Modell
ok 152 - Eine Akku-Pause erklärt auch den wartenden Mailimport ohne Modell
  ---
  duration_ms: 0.131875
  type: 'test'
  ...
# Subtest: Eingaben werden gedrosselt gemeldet
ok 153 - Eingaben werden gedrosselt gemeldet
  ---
  duration_ms: 1.075458
  type: 'test'
  ...
# Subtest: Autostart: ohne Antwort offen, ohne Helfer „noch nicht verfügbar“
ok 154 - Autostart: ohne Antwort offen, ohne Helfer „noch nicht verfügbar“
  ---
  duration_ms: 0.304333
  type: 'test'
  ...
# Subtest: Die ausdrückliche Pause bleibt auch ohne Modell oder offene Quellen auflösbar
ok 155 - Die ausdrückliche Pause bleibt auch ohne Modell oder offene Quellen auflösbar
  ---
  duration_ms: 3.678917
  type: 'test'
  ...
# Subtest: Nur offene Mailaufnahme: globale Pause erhält die Zeile und den richtigen Weiter-Knopf
ok 156 - Nur offene Mailaufnahme: globale Pause erhält die Zeile und den richtigen Weiter-Knopf
  ---
  duration_ms: 1.425
  type: 'test'
  ...
# Subtest: Pausierte Arbeit behauptet kein laufendes Sortieren oder Zusammenstellen
ok 157 - Pausierte Arbeit behauptet kein laufendes Sortieren oder Zusammenstellen
  ---
  duration_ms: 4.013542
  type: 'test'
  ...
# (node:55674) ExperimentalWarning: The MockTimers API is an experimental feature and might change at any time
# (Use `node --trace-warnings ...` to show where the warning was created)
# Subtest: incomplete inventory keeps all percentages unknown even when enumerated counts exist
ok 158 - incomplete inventory keeps all percentages unknown even when enumerated counts exist
  ---
  duration_ms: 8.037083
  type: 'test'
  ...
# Subtest: unique folder work counts known sources separately from newly captured sources
ok 159 - unique folder work counts known sources separately from newly captured sources
  ---
  duration_ms: 0.199583
  type: 'test'
  ...
# Subtest: category deferred and failure reasons remain distinct across folders
ok 160 - category deferred and failure reasons remain distinct across folders
  ---
  duration_ms: 1.736917
  type: 'test'
  ...
# Subtest: captured and duplicate source counts are summed across folders
ok 161 - captured and duplicate source counts are summed across folders
  ---
  duration_ms: 0.598916
  type: 'test'
  ...
# Subtest: unfinished pending never reports overall completion
ok 162 - unfinished pending never reports overall completion
  ---
  duration_ms: 1.3215
  type: 'test'
  ...
# Subtest: unfinished live_pending never reports overall completion
ok 163 - unfinished live_pending never reports overall completion
  ---
  duration_ms: 0.123083
  type: 'test'
  ...
# Subtest: unfinished failed never reports overall completion
ok 164 - unfinished failed never reports overall completion
  ---
  duration_ms: 0.222041
  type: 'test'
  ...
# Subtest: unfinished deferred never reports overall completion
ok 165 - unfinished deferred never reports overall completion
  ---
  duration_ms: 0.111375
  type: 'test'
  ...
# Subtest: unfinished analyzed never reports overall completion
ok 166 - unfinished analyzed never reports overall completion
  ---
  duration_ms: 0.542208
  type: 'test'
  ...
# Subtest: unfinished categories_pending never reports overall completion
ok 167 - unfinished categories_pending never reports overall completion
  ---
  duration_ms: 0.586417
  type: 'test'
  ...
# Subtest: unfinished categories_failed never reports overall completion
ok 168 - unfinished categories_failed never reports overall completion
  ---
  duration_ms: 0.175625
  type: 'test'
  ...
# Subtest: unfinished categorized never reports overall completion
ok 169 - unfinished categorized never reports overall completion
  ---
  duration_ms: 0.070541
  type: 'test'
  ...
# Subtest: deferred categories cannot be hidden by contradictory completed counters
ok 170 - deferred categories cannot be hidden by contradictory completed counters
  ---
  duration_ms: 0.113959
  type: 'test'
  ...
# Subtest: unverified category status keeps explicit retry available while mailbox is paused
ok 171 - unverified category status keeps explicit retry available while mailbox is paused
  ---
  duration_ms: 0.104166
  type: 'test'
  ...
# Subtest: paused and error states preserve real counters without implying completion
ok 172 - paused and error states preserve real counters without implying completion
  ---
  duration_ms: 0.085083
  type: 'test'
  ...
# Subtest: an empty inventory can complete without invented analysis percentage
ok 173 - an empty inventory can complete without invented analysis percentage
  ---
  duration_ms: 0.068542
  type: 'test'
  ...
# Subtest: unknown categories cannot imply fully interpreted sources
ok 174 - unknown categories cannot imply fully interpreted sources
  ---
  duration_ms: 0.068209
  type: 'test'
  ...
# Subtest: excluded sources overlap capture counts and do not double-count finished work
ok 175 - excluded sources overlap capture counts and do not double-count finished work
  ---
  duration_ms: 0.068
  type: 'test'
  ...
# Subtest: preview requests share the queue without replacing status
ok 176 - preview requests share the queue without replacing status
  ---
  duration_ms: 1.502875
  type: 'test'
  ...
# Subtest: connection and explicit start remain distinct
ok 177 - connection and explicit start remain distinct
  ---
  duration_ms: 0.081
  type: 'test'
  ...
# Subtest: polling waits three seconds after completion and never overlaps
ok 178 - polling waits three seconds after completion and never overlaps
  ---
  duration_ms: 0.450167
  type: 'test'
  ...
# Subtest: hiding aborts pending status and ignores stale results; showing resumes
ok 179 - hiding aborts pending status and ignores stale results; showing resumes
  ---
  duration_ms: 8.219208
  type: 'test'
  ...
# Subtest: status errors preserve prior results and retry automatically
ok 180 - status errors preserve prior results and retry automatically
  ---
  duration_ms: 1.516959
  type: 'test'
  ...
# Subtest: mutations wait for an aborted read and cannot publish its old result
ok 181 - mutations wait for an aborted read and cannot publish its old result
  ---
  duration_ms: 0.836833
  type: 'test'
  ...
# Subtest: cleanup aborts a pending action and rejects late updates
ok 182 - cleanup aborts a pending action and rejects late updates
  ---
  duration_ms: 2.225291
  type: 'test'
  ...
# Subtest: history wait preserves counters and never becomes active capture
ok 183 - history wait preserves counters and never becomes active capture
  ---
  duration_ms: 22.7475
  type: 'test'
  ...
# Subtest: mailbox pause and inventory retain precedence over history wait
ok 184 - mailbox pause and inventory retain precedence over history wait
  ---
  duration_ms: 0.479666
  type: 'test'
  ...
# Subtest: new mail pending cannot look current after the entire history is read
ok 185 - new mail pending cannot look current after the entire history is read
  ---
  duration_ms: 0.344208
  type: 'test'
  ...
# Subtest: new-mail filters and failures remain separate from historical progress
ok 186 - new-mail filters and failures remain separate from historical progress
  ---
  duration_ms: 0.172541
  type: 'test'
  ...
# Subtest: setup keeps pending new mail visible after its retry
ok 187 - setup keeps pending new mail visible after its retry
  ---
  duration_ms: 3.891375
  type: 'test'
  ...
# Subtest: Erst mit vollständiger Adresse gibt es einen Weg
ok 188 - Erst mit vollständiger Adresse gibt es einen Weg
  ---
  duration_ms: 1.608708
  type: 'test'
  ...
# Subtest: Bekannter Anbieter: nur das Passwort, App-Passwort wo nötig
ok 189 - Bekannter Anbieter: nur das Passwort, App-Passwort wo nötig
  ---
  duration_ms: 0.166541
  type: 'test'
  ...
# Subtest: Google: der Kalender geht über seine geheime iCal-Adresse, ohne Passwort (Befund 2)
ok 190 - Google: der Kalender geht über seine geheime iCal-Adresse, ohne Passwort (Befund 2)
  ---
  duration_ms: 0.11125
  type: 'test'
  ...
# Subtest: Microsoft sagt ehrlich, dass es mit Passwort nicht geht
ok 191 - Microsoft sagt ehrlich, dass es mit Passwort nicht geht
  ---
  duration_ms: 0.158708
  type: 'test'
  ...
# Subtest: Ohne bekannte Adresse fragt die Karte nach ihr, statt zu raten
ok 192 - Ohne bekannte Adresse fragt die Karte nach ihr, statt zu raten
  ---
  duration_ms: 0.568042
  type: 'test'
  ...
# Subtest: Eigene Domain: erst selbst suchen, dann nach der Adresse fragen (Fremdprobe 2, Befund 5)
ok 193 - Eigene Domain: erst selbst suchen, dann nach der Adresse fragen (Fremdprobe 2, Befund 5)
  ---
  duration_ms: 0.413708
  type: 'test'
  ...
# Subtest: Das Passwort des Postfachs gilt nur für dieselbe Adresse und nur, wenn eines hinterlegt ist
ok 194 - Das Passwort des Postfachs gilt nur für dieselbe Adresse und nur, wenn eines hinterlegt ist
  ---
  duration_ms: 0.1955
  type: 'test'
  ...
# Subtest: Nach dem Verbinden ein Satz, was gefunden wurde
ok 195 - Nach dem Verbinden ein Satz, was gefunden wurde
  ---
  duration_ms: 0.151209
  type: 'test'
  ...
# Subtest: persistente Wissensfragen laden nur aktiv, bleiben begrenzt und lassen weitere sichtbar werden
ok 196 - persistente Wissensfragen laden nur aktiv, bleiben begrenzt und lassen weitere sichtbar werden
  ---
  duration_ms: 5.000834
  type: 'test'
  ...
# Subtest: Fragen zeigen verständliche Vorschläge; technische Referenzen bleiben aufklappbar
ok 197 - Fragen zeigen verständliche Vorschläge; technische Referenzen bleiben aufklappbar
  ---
  duration_ms: 1.051542
  type: 'test'
  ...
# Subtest: eine Kandidatenwahl ist explizit; Beibehalten gibt es nur bei aktiver bestätigter Angabe
ok 198 - eine Kandidatenwahl ist explizit; Beibehalten gibt es nur bei aktiver bestätigter Angabe
  ---
  duration_ms: 0.754292
  type: 'test'
  ...
# Subtest: veraltete Fehlerstände werden nicht als leere Fragenliste gezeigt und Doppelklicks sind gesperrt
ok 199 - veraltete Fehlerstände werden nicht als leere Fragenliste gezeigt und Doppelklicks sind gesperrt
  ---
  duration_ms: 0.554416
  type: 'test'
  ...
# Subtest: ohne Bestätigung ist es ein Vorschlag, der mit einem Klick fest wird
ok 200 - ohne Bestätigung ist es ein Vorschlag, der mit einem Klick fest wird
  ---
  duration_ms: 2.166292
  type: 'test'
  ...
# Subtest: bestätigt bleibt bestätigt; ein neuer Vorschlag steht nur daneben
ok 201 - bestätigt bleibt bestätigt; ein neuer Vorschlag steht nur daneben
  ---
  duration_ms: 0.323583
  type: 'test'
  ...
# Subtest: nach dem Klick steht, was gespeichert ist und was es bewirkt
ok 202 - nach dem Klick steht, was gespeichert ist und was es bewirkt
  ---
  duration_ms: 0.312125
  type: 'test'
  ...
# Subtest: die Übersicht zählt bestätigt, offen je Kreis und geändert in Alltagssprache
ok 203 - die Übersicht zählt bestätigt, offen je Kreis und geändert in Alltagssprache
  ---
  duration_ms: 0.733166
  type: 'test'
  ...
# Subtest: die Art der Akte zeigt sich nur mit Vorschlag oder Wahl
ok 204 - die Art der Akte zeigt sich nur mit Vorschlag oder Wahl
  ---
  duration_ms: 0.325709
  type: 'test'
  ...
# Subtest: der Weg zur Akte ist die Seite der Akte, sicher kodiert
ok 205 - der Weg zur Akte ist die Seite der Akte, sicher kodiert
  ---
  duration_ms: 0.265084
  type: 'test'
  ...
# Subtest: kein Fachwort in den Sätzen
ok 206 - kein Fachwort in den Sätzen
  ---
  duration_ms: 296.615166
  type: 'test'
  ...
# Subtest: Sammelbestätigung: Rückfrage in einem Satz, nur Kollegen, alle offenen gezählt
ok 207 - Sammelbestätigung: Rückfrage in einem Satz, nur Kollegen, alle offenen gezählt
  ---
  duration_ms: 0.350792
  type: 'test'
  ...
# Subtest: ohne Vorschlag: du legst den Kreis selbst fest, ohne „vorgeschlagen“ (Fremdprobe 2, Befund 19)
ok 208 - ohne Vorschlag: du legst den Kreis selbst fest, ohne „vorgeschlagen“ (Fremdprobe 2, Befund 19)
  ---
  duration_ms: 5.747166
  type: 'test'
  ...
# Subtest: jede Personenakte hat eine Kreis-Sache: Adresse, sonst Name; eine offene Nennung keine
ok 209 - jede Personenakte hat eine Kreis-Sache: Adresse, sonst Name; eine offene Nennung keine
  ---
  duration_ms: 2.170625
  type: 'test'
  ...
# Subtest: „Kingfisher und du“ sagt dasselbe wie die Akte, und Kingfisher ist „es“ (Befunde 19 und 26)
ok 210 - „Kingfisher und du“ sagt dasselbe wie die Akte, und Kingfisher ist „es“ (Befunde 19 und 26)
  ---
  duration_ms: 0.530416
  type: 'test'
  ...
# Subtest: belegte Kontakte zählen nur Quellen mit Beteiligung (Befund 21)
ok 211 - belegte Kontakte zählen nur Quellen mit Beteiligung (Befund 21)
  ---
  duration_ms: 0.134166
  type: 'test'
  ...
# Subtest: Läuft nichts, gibt es keine Zeile
ok 212 - Läuft nichts, gibt es keine Zeile
  ---
  duration_ms: 17.908708
  type: 'test'
  ...
# Subtest: Mailaufnahme zeigt x von y
ok 213 - Mailaufnahme zeigt x von y
  ---
  duration_ms: 68.546375
  type: 'test'
  ...
# Subtest: Ist der Gesamtumfang unbekannt, steht „bisher“ und es gibt keinen Prozentbalken
ok 214 - Ist der Gesamtumfang unbekannt, steht „bisher“ und es gibt keinen Prozentbalken
  ---
  duration_ms: 0.682792
  type: 'test'
  ...
# Subtest: Ein pausiertes oder getrenntes Konto läuft nicht
ok 215 - Ein pausiertes oder getrenntes Konto läuft nicht
  ---
  duration_ms: 0.626542
  type: 'test'
  ...
# Subtest: Der Nachtrag der Empfänger erscheint nur, solange er offen ist
ok 216 - Der Nachtrag der Empfänger erscheint nur, solange er offen ist
  ---
  duration_ms: 0.617167
  type: 'test'
  ...
# Subtest: Das Sortieren nach Themen zeigt sich nur, wenn es auch läuft
ok 217 - Das Sortieren nach Themen zeigt sich nur, wenn es auch läuft
  ---
  duration_ms: 0.460458
  type: 'test'
  ...
# Subtest: Die Berechnung der Akten zeigt die offenen Quellen und verschwindet, wenn nichts offen ist
ok 218 - Die Berechnung der Akten zeigt die offenen Quellen und verschwindet, wenn nichts offen ist
  ---
  duration_ms: 0.685875
  type: 'test'
  ...
# Subtest: Die Alltagssprache der Zeilen enthält keine Fachwörter
ok 219 - Die Alltagssprache der Zeilen enthält keine Fachwörter
  ---
  duration_ms: 0.483083
  type: 'test'
  ...
# Subtest: Es wird zügig nachgesehen, solange etwas läuft, sonst gemächlich
ok 220 - Es wird zügig nachgesehen, solange etwas läuft, sonst gemächlich
  ---
  duration_ms: 0.638208
  type: 'test'
  ...
# Subtest: Mit dem Stand des Sidecars steht dessen Satz da, und ein leeres Postfach liest nicht (Fremdprobe 2, Befund 17)
ok 221 - Mit dem Stand des Sidecars steht dessen Satz da, und ein leeres Postfach liest nicht (Fremdprobe 2, Befund 17)
  ---
  duration_ms: 0.836417
  type: 'test'
  ...
# Subtest: Das Sprachmodell lädt im Hintergrund: eine Zeile mit Prozent, zuerst, bis es fertig ist (Fremdprobe 2, Befund 6)
ok 222 - Das Sprachmodell lädt im Hintergrund: eine Zeile mit Prozent, zuerst, bis es fertig ist (Fremdprobe 2, Befund 6)
  ---
  duration_ms: 0.666041
  type: 'test'
  ...
# Subtest: Gescheiterte Mails stehen als Satz mit Grund da, nie als „wird gelesen“ (Fremdprobe 3, Befund 2)
ok 223 - Gescheiterte Mails stehen als Satz mit Grund da, nie als „wird gelesen“ (Fremdprobe 3, Befund 2)
  ---
  duration_ms: 1.729792
  type: 'test'
  ...
# Subtest: vier Abstände zur Wahl, Vorgabe alle 30 Minuten (Fremdprobe 3, Befund 13); ein früherer Wert bleibt sichtbar
ok 224 - vier Abstände zur Wahl, Vorgabe alle 30 Minuten (Fremdprobe 3, Befund 13); ein früherer Wert bleibt sichtbar
  ---
  duration_ms: 14.345458
  type: 'test'
  ...
# Subtest: ein Satz sagt, was gilt
ok 225 - ein Satz sagt, was gilt
  ---
  duration_ms: 0.408125
  type: 'test'
  ...
# Subtest: ein Schalter und eine Auswahl, kein Zahlenfeld und keines der alten Fachwörter
ok 226 - ein Schalter und eine Auswahl, kein Zahlenfeld und keines der alten Fachwörter
  ---
  duration_ms: 6.301125
  type: 'test'
  ...
# Subtest: ausgefilterte Mails können ausdrücklich und manuell erneut geprüft werden
ok 227 - ausgefilterte Mails können ausdrücklich und manuell erneut geprüft werden
  ---
  duration_ms: 0.6935
  type: 'test'
  ...
# Subtest: a busy local model gives a wait-and-retry explanation
ok 228 - a busy local model gives a wait-and-retry explanation
  ---
  duration_ms: 1.386625
  type: 'test'
  ...
# Subtest: other failures do not pretend a model is busy or expose server details
ok 229 - other failures do not pretend a model is busy or expose server details
  ---
  duration_ms: 0.146375
  type: 'test'
  ...
# Subtest: split and rebuild unchanged ISO keeps original seconds, milliseconds and offset
ok 230 - split and rebuild unchanged ISO keeps original seconds, milliseconds and offset
  ---
  duration_ms: 6.216417
  type: 'test'
  ...
# Subtest: edited local time uses explicit chosen offset and never device-local conversion
ok 231 - edited local time uses explicit chosen offset and never device-local conversion
  ---
  duration_ms: 0.27125
  type: 'test'
  ...
# Subtest: missing, malformed, or invalid local/offset values fail closed
ok 232 - missing, malformed, or invalid local/offset values fail closed
  ---
  duration_ms: 1.0555
  type: 'test'
  ...
# Subtest: offset choices include UTC, MEZ, MESZ and preserve a source-specific offset
ok 233 - offset choices include UTC, MEZ, MESZ and preserve a source-specific offset
  ---
  duration_ms: 0.541208
  type: 'test'
  ...
# Subtest: local preparation happens only after explicit click and displays original plus warnings
ok 234 - local preparation happens only after explicit click and displays original plus warnings
  ---
  duration_ms: 27.6395
  type: 'test'
  ...
# Subtest: missing or changed binding blocks preparation and never loses hand-edited values
ok 235 - missing or changed binding blocks preparation and never loses hand-edited values
  ---
  duration_ms: 27.643333
  type: 'test'
  ...
# Subtest: failed refresh clears old source DOM but preserves edits
ok 236 - failed refresh clears old source DOM but preserves edits
  ---
  duration_ms: 5.031458
  type: 'test'
  ...
# Subtest: field edits clear review; save errors retain edits and cannot reach calendar preview
ok 237 - field edits clear review; save errors retain edits and cannot reach calendar preview
  ---
  duration_ms: 2.401375
  type: 'test'
  ...
# Subtest: saving unchanged source times preserves seconds and the exact source offsets
ok 238 - saving unchanged source times preserves seconds and the exact source offsets
  ---
  duration_ms: 1.643708
  type: 'test'
  ...
# Subtest: rapid repeated prepare click makes only one local request
ok 239 - rapid repeated prepare click makes only one local request
  ---
  duration_ms: 2.62375
  type: 'test'
  ...
# Subtest: handoff requires saved reviewed complete values and uses existing calendar preview path
ok 240 - handoff requires saved reviewed complete values and uses existing calendar preview path
  ---
  duration_ms: 4.411709
  type: 'test'
  ...
# Subtest: editing after a saved preview choice cannot submit the prior reviewed stand
ok 241 - editing after a saved preview choice cannot submit the prior reviewed stand
  ---
  duration_ms: 4.174458
  type: 'test'
  ...
# Subtest: changed source binding hides a previously prepared Google preview immediately
ok 242 - changed source binding hides a previously prepared Google preview immediately
  ---
  duration_ms: 3.207708
  type: 'test'
  ...
# Subtest: failed later preview discards the older Google preview and calendar choices
ok 243 - failed later preview discards the older Google preview and calendar choices
  ---
  duration_ms: 3.337708
  type: 'test'
  ...
# Subtest: changing calendar or notification policy unmounts the old preview before the next preview
ok 244 - changing calendar or notification policy unmounts the old preview before the next preview
  ---
  duration_ms: 16.189958
  type: 'test'
  ...
# Subtest: manual task sends opening source digest without requiring a model suggestion
ok 245 - manual task sends opening source digest without requiring a model suggestion
  ---
  duration_ms: 13.280625
  type: 'test'
  ...
# Subtest: refresh to a different source version cannot silently rebind edited task fields
ok 246 - refresh to a different source version cannot silently rebind edited task fields
  ---
  duration_ms: 2.893917
  type: 'test'
  ...
# Subtest: missing opening source version prevents manual task save
ok 247 - missing opening source version prevents manual task save
  ---
  duration_ms: 1.808625
  type: 'test'
  ...
# Subtest: briefing API encodes the UID and retries with an explicit refresh while forwarding cancellation
ok 248 - briefing API encodes the UID and retries with an explicit refresh while forwarding cancellation
  ---
  duration_ms: 14.058417
  type: 'test'
  ...
# Subtest: mail overview keeps original mail immediately expandable and shows sender and date
ok 249 - mail overview keeps original mail immediately expandable and shows sender and date
  ---
  duration_ms: 1.159125
  type: 'test'
  ...
# Subtest: briefing discards results for a different UID or changed source and aborts on cancel or unmount
ok 250 - briefing discards results for a different UID or changed source and aborts on cancel or unmount
  ---
  duration_ms: 4.317542
  type: 'test'
  ...
# Subtest: briefing has explicit progress, cancellation, retry and non-verified source wording
ok 251 - briefing has explicit progress, cancellation, retry and non-verified source wording
  ---
  duration_ms: 0.673958
  type: 'test'
  ...
# Subtest: choosing a suggested task opens the existing form with only title and source evidence prefilled
ok 252 - choosing a suggested task opens the existing form with only title and source evidence prefilled
  ---
  duration_ms: 2.716583
  type: 'test'
  ...
# Subtest: saved-claim review has a stable direct entry without changing area defaults
ok 253 - saved-claim review has a stable direct entry without changing area defaults
  ---
  duration_ms: 2.978167
  type: 'test'
  ...
# Subtest: the four agreed views are present even without health hints
ok 254 - the four agreed views are present even without health hints
  ---
  duration_ms: 2.495333
  type: 'test'
  ...
# Subtest: a source can appear in each explicitly suggested area without changing its labels
ok 255 - a source can appear in each explicitly suggested area without changing its labels
  ---
  duration_ms: 0.225292
  type: 'test'
  ...
# Subtest: other topics and sources without hints remain accessible
ok 256 - other topics and sources without hints remain accessible
  ---
  duration_ms: 0.301375
  type: 'test'
  ...
# Subtest: area pagination retains only cursor positions and can move backward or branch
ok 257 - area pagination retains only cursor positions and can move backward or branch
  ---
  duration_ms: 0.462917
  type: 'test'
  ...
# Subtest: the overview reads bounded pages only and retains the established memory views
ok 258 - the overview reads bounded pages only and retains the established memory views
  ---
  duration_ms: 2.134917
  type: 'test'
  ...
# Subtest: direct health entry and bounded empty states cannot claim an empty whole memory
ok 259 - direct health entry and bounded empty states cannot claim an empty whole memory
  ---
  duration_ms: 0.598333
  type: 'test'
  ...
# Subtest: choosing an area removes people and status flags from reloadable links
ok 260 - choosing an area removes people and status flags from reloadable links
  ---
  duration_ms: 0.229583
  type: 'test'
  ...
# Subtest: Today filters only ruhend before prioritizing and limiting to five rows
ok 261 - Today filters only ruhend before prioritizing and limiting to five rows
  ---
  duration_ms: 52.43875
  type: 'test'
  ...
# Subtest: focus refresh and post-error retry apply the same Today filtering
ok 262 - focus refresh and post-error retry apply the same Today filtering
  ---
  duration_ms: 46.345375
  type: 'test'
  ...
# Subtest: full Review continues to render the complete lint list
ok 263 - full Review continues to render the complete lint list
  ---
  duration_ms: 16.336042
  type: 'test'
  ...
# Subtest: Heute lädt offene Gedächtnisfragen nur im aktiven Bereich und zeigt eine begrenzte Auswahl
ok 264 - Heute lädt offene Gedächtnisfragen nur im aktiven Bereich und zeigt eine begrenzte Auswahl
  ---
  duration_ms: 1.277625
  type: 'test'
  ...
# Subtest: Heute priorisiert wichtige und verwaiste Punkte vor übrigen Befunden
ok 265 - Heute priorisiert wichtige und verwaiste Punkte vor übrigen Befunden
  ---
  duration_ms: 0.120208
  type: 'test'
  ...
# Subtest: Quellen zeigen Originalzitat, unbekannte Quellenzeit und Erfassungszeit
ok 266 - Quellen zeigen Originalzitat, unbekannte Quellenzeit und Erfassungszeit
  ---
  duration_ms: 0.28
  type: 'test'
  ...
# Subtest: Entscheidungen übergeben den gespeicherten Stand und blockieren synchrone Doppelklicks
ok 267 - Entscheidungen übergeben den gespeicherten Stand und blockieren synchrone Doppelklicks
  ---
  duration_ms: 0.097541
  type: 'test'
  ...
# Subtest: Lade- und Entscheidungsfehler bleiben sichtbar und lassen einen erneuten Versuch zu
ok 268 - Lade- und Entscheidungsfehler bleiben sichtbar und lassen einen erneuten Versuch zu
  ---
  duration_ms: 0.097667
  type: 'test'
  ...
# 9:30:55 AM [vite] (client) [optimizer] scanning dependencies...
# Subtest: renders prepared sections independently from sources and hides model digests
ok 269 - renders prepared sections independently from sources and hides model digests
  ---
  duration_ms: 48.103042
  type: 'test'
  ...
# Subtest: initial unavailable state preserves unknown counts and explains pending identity check
ok 270 - initial unavailable state preserves unknown counts and explains pending identity check
  ---
  duration_ms: 1.20025
  type: 'test'
  ...
# Subtest: disabled state is neutral even with historical failures
ok 271 - disabled state is neutral even with historical failures
  ---
  duration_ms: 1.116333
  type: 'test'
  ...
# Subtest: finished current sections keep remaining source sorting visible
ok 272 - finished current sections keep remaining source sorting visible
  ---
  duration_ms: 4.562583
  type: 'test'
  ...
# Subtest: stale and unavailable coverage never announces current completion
ok 273 - stale and unavailable coverage never announces current completion
  ---
  duration_ms: 2.568084
  type: 'test'
  ...
# Subtest: pause explanation, retry count, and Unix-second timestamp render without ETA
ok 274 - pause explanation, retry count, and Unix-second timestamp render without ETA
  ---
  duration_ms: 1.964541
  type: 'test'
  ...
# Subtest: completion is scoped to known prepared sections, including empty index
ok 275 - completion is scoped to known prepared sections, including empty index
  ---
  duration_ms: 3.115042
  type: 'test'
  ...
# Subtest: the newest source month follows the local month of the latest source date
ok 276 - the newest source month follows the local month of the latest source date
  ---
  duration_ms: 1.708625
  type: 'test'
  ...
# Subtest: a missing latest source date has no jump target
ok 277 - a missing latest source date has no jump target
  ---
  duration_ms: 0.128625
  type: 'test'
  ...
# Subtest: source history leads with source time and keeps capture time separate
ok 278 - source history leads with source time and keeps capture time separate
  ---
  duration_ms: 80.620208
  type: 'test'
  ...
# Subtest: unknown source dates remain unknown in source history
ok 279 - unknown source dates remain unknown in source history
  ---
  duration_ms: 0.214
  type: 'test'
  ...
# Subtest: the status page can be opened directly without removing people review
ok 280 - the status page can be opened directly without removing people review
  ---
  duration_ms: 2.4795
  type: 'test'
  ...
# Subtest: coverage refreshes every 15 seconds while visible and cleans up after leaving status
ok 281 - coverage refreshes every 15 seconds while visible and cleans up after leaving status
  ---
  duration_ms: 1.785916
  type: 'test'
  ...
# Subtest: both timeline page requests carry the selected source or recorded basis
ok 282 - both timeline page requests carry the selected source or recorded basis
  ---
  duration_ms: 0.403166
  type: 'test'
  ...
# Subtest: local model progress opens the direct memory status view
ok 283 - local model progress opens the direct memory status view
  ---
  duration_ms: 0.949
  type: 'test'
  ...
# Subtest: die Restzeit des Codes in Alltagswörtern
ok 284 - die Restzeit des Codes in Alltagswörtern
  ---
  duration_ms: 2.262208
  type: 'test'
  ...
# Subtest: jeder Stand hat einen Satz, und der Satz des Sidecars gewinnt bei Fehlern
ok 285 - jeder Stand hat einen Satz, und der Satz des Sidecars gewinnt bei Fehlern
  ---
  duration_ms: 3.233625
  type: 'test'
  ...
# Subtest: Microsoft zuerst nur bei Hochschule oder Firma, nicht bei privaten Konten
ok 286 - Microsoft zuerst nur bei Hochschule oder Firma, nicht bei privaten Konten
  ---
  duration_ms: 0.25075
  type: 'test'
  ...
# Subtest: die Sätze vorne tragen kein Fachwort und versprechen nur Lesen
ok 287 - die Sätze vorne tragen kein Fachwort und versprechen nur Lesen
  ---
  duration_ms: 451.710458
  type: 'test'
  ...
# Subtest: Nachfragen hört nach dem Ende auf und meldet danach nichts mehr
ok 288 - Nachfragen hört nach dem Ende auf und meldet danach nichts mehr
  ---
  duration_ms: 66.996209
  type: 'test'
  ...
# Subtest: Nach stop() kommt keine späte Antwort mehr an
ok 289 - Nach stop() kommt keine späte Antwort mehr an
  ---
  duration_ms: 23.231458
  type: 'test'
  ...
# Subtest: Die Bestätigung kommt auch aus dem gespeicherten Konto, falls die Anmeldekarte beim Neulesen verschwand
ok 290 - Die Bestätigung kommt auch aus dem gespeicherten Konto, falls die Anmeldekarte beim Neulesen verschwand
  ---
  duration_ms: 0.37575
  type: 'test'
  ...
# Subtest: Status und Knopf je Zeile
ok 291 - Status und Knopf je Zeile
  ---
  duration_ms: 4.904709
  type: 'test'
  ...
# Subtest: Alles einrichten überspringt Eingerichtetes und zählt jedes Modell nur einmal
ok 292 - Alles einrichten überspringt Eingerichtetes und zählt jedes Modell nur einmal
  ---
  duration_ms: 69.018834
  type: 'test'
  ...
# Subtest: Schon installierte Modelle zählen nicht zur Ladegröße
ok 293 - Schon installierte Modelle zählen nicht zur Ladegröße
  ---
  duration_ms: 0.348959
  type: 'test'
  ...
# Subtest: Fortschritt in Prozent, unbekannt bleibt unbekannt
ok 294 - Fortschritt in Prozent, unbekannt bleibt unbekannt
  ---
  duration_ms: 0.45325
  type: 'test'
  ...
# Subtest: Beschreibung des Ladevorgangs nennt Prozent, Prüfung, Ergebnis und Fehlergrund mit nächstem Schritt
ok 295 - Beschreibung des Ladevorgangs nennt Prozent, Prüfung, Ergebnis und Fehlergrund mit nächstem Schritt
  ---
  duration_ms: 0.3975
  type: 'test'
  ...
# Subtest: Cloud nur mit Anbieter, Schlüssel und Einwilligung
ok 296 - Cloud nur mit Anbieter, Schlüssel und Einwilligung
  ---
  duration_ms: 0.216625
  type: 'test'
  ...
# Subtest: watchPull meldet jeden Stand und endet mit dem Endstand
ok 297 - watchPull meldet jeden Stand und endet mit dem Endstand
  ---
  duration_ms: 0.622042
  type: 'test'
  ...
# Subtest: watchPull hält bei einem Fehlerstand an und gibt ihn zurück
ok 298 - watchPull hält bei einem Fehlerstand an und gibt ihn zurück
  ---
  duration_ms: 1.134708
  type: 'test'
  ...
# Subtest: watchPull übersteht kurze Aussetzer, gibt aber nach mehreren in Folge auf
ok 299 - watchPull übersteht kurze Aussetzer, gibt aber nach mehreren in Folge auf
  ---
  duration_ms: 3.099375
  type: 'test'
  ...
# Subtest: watchPull hört auf, wenn die Ansicht verschwindet
ok 300 - watchPull hört auf, wenn die Ansicht verschwindet
  ---
  duration_ms: 2.576416
  type: 'test'
  ...
# Subtest: Die Zeile nennt Tag, Nacht, Festplatte und freien Platz in Alltagssprache
ok 301 - Die Zeile nennt Tag, Nacht, Festplatte und freien Platz in Alltagssprache
  ---
  duration_ms: 0.609958
  type: 'test'
  ...
# Subtest: Unbekannter Platz und unbekannte Modelle werden gesagt, nicht geraten
ok 302 - Unbekannter Platz und unbekannte Modelle werden gesagt, nicht geraten
  ---
  duration_ms: 0.1815
  type: 'test'
  ...
# Subtest: Cloud-Ordner tragen ihren Namen und sagen, dass sie abgeglichen sind
ok 303 - Cloud-Ordner tragen ihren Namen und sagen, dass sie abgeglichen sind
  ---
  duration_ms: 9.886292
  type: 'test'
  ...
# Subtest: Ohne Helfer am Mac wird im Browser gewählt
ok 304 - Ohne Helfer am Mac wird im Browser gewählt
  ---
  duration_ms: 0.341875
  type: 'test'
  ...
# Subtest: Der Vorgabeordner verspricht kein Fenster
ok 305 - Der Vorgabeordner verspricht kein Fenster
  ---
  duration_ms: 12.519833
  type: 'test'
  ...
# Subtest: Orte sagen, was ein Klick tut und was darin liegt
ok 306 - Orte sagen, was ein Klick tut und was darin liegt
  ---
  duration_ms: 0.257708
  type: 'test'
  ...
# Subtest: Nicht mehr zuordenbare Mitglieder einer Zusammenführung werden genannt
ok 307 - Nicht mehr zuordenbare Mitglieder einer Zusammenführung werden genannt
  ---
  duration_ms: 27.706
  type: 'test'
  ...
# Subtest: Ohne solche Mitglieder oder bei unbekannter Zusammenführung bleibt die Liste leer
ok 308 - Ohne solche Mitglieder oder bei unbekannter Zusammenführung bleibt die Liste leer
  ---
  duration_ms: 1.163875
  type: 'test'
  ...
# Subtest: Ein selbst gefundener Server heißt nach seinem Namen, ein Katalogeintrag nach dem Anbieter
ok 309 - Ein selbst gefundener Server heißt nach seinem Namen, ein Katalogeintrag nach dem Anbieter
  ---
  duration_ms: 1.704791
  type: 'test'
  ...
# Subtest: Was hinausgeht: nur die Domain, ein Satz
ok 310 - Was hinausgeht: nur die Domain, ein Satz
  ---
  duration_ms: 0.322208
  type: 'test'
  ...
# Subtest: Letzte Möglichkeit: Servername und Port, Vorgabe 993
ok 311 - Letzte Möglichkeit: Servername und Port, Vorgabe 993
  ---
  duration_ms: 2.215667
  type: 'test'
  ...
# Subtest: Angemeldet wird mit der Adresse, wo die Domain es sagt mit dem Namensteil
ok 312 - Angemeldet wird mit der Adresse, wo die Domain es sagt mit dem Namensteil
  ---
  duration_ms: 0.166042
  type: 'test'
  ...
# Subtest: Das Postfach heißt nach seiner Adresse
ok 313 - Das Postfach heißt nach seiner Adresse
  ---
  duration_ms: 6.50725
  type: 'test'
  ...
# Subtest: Die Frage nennt das Postfach und Pausieren auf Heute
ok 314 - Die Frage nennt das Postfach und Pausieren auf Heute
  ---
  duration_ms: 0.422583
  type: 'test'
  ...
# Subtest: Kein Verweis unter „Für Techniker“ fürs Pausieren im Assistenten
ok 315 - Kein Verweis unter „Für Techniker“ fürs Pausieren im Assistenten
  ---
  duration_ms: 1.663625
  type: 'test'
  ...
# Subtest: Ein Nebensatz steht nur bei einfach und dünn, und nur mit Anlass
ok 316 - Ein Nebensatz steht nur bei einfach und dünn, und nur mit Anlass
  ---
  duration_ms: 2.512834
  type: 'test'
  ...
# Subtest: Vom Prüfmodell verworfene Sätze werden gezählt, nicht versteckt
ok 317 - Vom Prüfmodell verworfene Sätze werden gezählt, nicht versteckt
  ---
  duration_ms: 0.283
  type: 'test'
  ...
# Subtest: Der Fuß sagt, ob das Prüfmodell lief
ok 318 - Der Fuß sagt, ob das Prüfmodell lief
  ---
  duration_ms: 0.42375
  type: 'test'
  ...
# Subtest: Der Schalter sagt in einem Satz, was er tut, und wenn kein Modell da ist
ok 319 - Der Schalter sagt in einem Satz, was er tut, und wenn kein Modell da ist
  ---
  duration_ms: 0.242
  type: 'test'
  ...
# Subtest: Die Modellkarte nennt die fehlende Prüfung
ok 320 - Die Modellkarte nennt die fehlende Prüfung
  ---
  duration_ms: 0.234
  type: 'test'
  ...
# Subtest: Eine Nachricht aus diesem Gespräch wird angesprungen
ok 321 - Eine Nachricht aus diesem Gespräch wird angesprungen
  ---
  duration_ms: 30.704459
  type: 'test'
  ...
# Subtest: Eine Nachricht aus einem anderen Gespräch öffnet dieses Gespräch an der Nachricht
ok 322 - Eine Nachricht aus einem anderen Gespräch öffnet dieses Gespräch an der Nachricht
  ---
  duration_ms: 0.338584
  type: 'test'
  ...
# Subtest: Mail, Termin und Dokument öffnen die Quellenansicht
ok 323 - Mail, Termin und Dokument öffnen die Quellenansicht
  ---
  duration_ms: 0.127709
  type: 'test'
  ...
# Subtest: Kennungen nur in der Zeile für Techniker
ok 324 - Kennungen nur in der Zeile für Techniker
  ---
  duration_ms: 0.113667
  type: 'test'
  ...
# Subtest: Ein beschädigtes Datenfeld zeigt keinen Knopf
ok 325 - Ein beschädigtes Datenfeld zeigt keinen Knopf
  ---
  duration_ms: 0.16275
  type: 'test'
  ...
# Subtest: Die Gesprächsseite zeigt die Quellen unter jeder belegten Antwort
ok 326 - Die Gesprächsseite zeigt die Quellen unter jeder belegten Antwort
  ---
  duration_ms: 0.858792
  type: 'test'
  ...
# Subtest: known relation names use ordinary language without resolving the subject
ok 327 - known relation names use ordinary language without resolving the subject
  ---
  duration_ms: 1.5995
  type: 'test'
  ...
# Subtest: unknown relations use a neutral fallback and never expose an opaque identifier
ok 328 - unknown relations use a neutral fallback and never expose an opaque identifier
  ---
  duration_ms: 0.168916
  type: 'test'
  ...
# Subtest: untrusted relation names cannot resolve inherited Object members
ok 329 - untrusted relation names cannot resolve inherited Object members
  ---
  duration_ms: 0.191334
  type: 'test'
  ...
# Subtest: Drei Fähigkeiten decken alle Aufgaben genau einmal ab
ok 330 - Drei Fähigkeiten decken alle Aufgaben genau einmal ab
  ---
  duration_ms: 2.879625
  type: 'test'
  ...
# Subtest: Nicht bestanden heißt nicht „Fehlt“, und Laden zeigt den Fortschritt
ok 331 - Nicht bestanden heißt nicht „Fehlt“, und Laden zeigt den Fortschritt
  ---
  duration_ms: 0.547167
  type: 'test'
  ...
# Subtest: Antworten ist erst bereit, wenn alle drei Aufgaben dazu bereit sind
ok 332 - Antworten ist erst bereit, wenn alle drei Aufgaben dazu bereit sind
  ---
  duration_ms: 0.23675
  type: 'test'
  ...
# Subtest: Die Ausstattung in einem Satz, ohne Chip und ohne Frage an den Menschen
ok 333 - Die Ausstattung in einem Satz, ohne Chip und ohne Frage an den Menschen
  ---
  duration_ms: 106.856958
  type: 'test'
  ...
# Subtest: Größe und Dauer des Ladens aus einer Quelle; nichts zu laden heißt leer (Fremdprobe 2, Befund 6)
ok 334 - Größe und Dauer des Ladens aus einer Quelle; nichts zu laden heißt leer (Fremdprobe 2, Befund 6)
  ---
  duration_ms: 4.204708
  type: 'test'
  ...
# Subtest: Am Ende genau ein Satz: alles, teilweise oder nichts; nie „Fast alles“ (Fremdprobe 2, Befund 7)
ok 335 - Am Ende genau ein Satz: alles, teilweise oder nichts; nie „Fast alles“ (Fremdprobe 2, Befund 7)
  ---
  duration_ms: 17.480208
  type: 'test'
  ...
# Subtest: Jedes Problem steht einmal, nicht je Aufgabe einer Fähigkeit (Befund 7)
ok 336 - Jedes Problem steht einmal, nicht je Aufgabe einer Fähigkeit (Befund 7)
  ---
  duration_ms: 7.08975
  type: 'test'
  ...
# Subtest: Anderes Modell nehmen versucht jedes Modell höchstens einmal
ok 337 - Anderes Modell nehmen versucht jedes Modell höchstens einmal
  ---
  duration_ms: 0.216958
  type: 'test'
  ...
# Subtest: Vorne keine Modellnamen: der Schritt nutzt die Karte mit Fähigkeiten, Namen nur im Aufklapper
ok 338 - Vorne keine Modellnamen: der Schritt nutzt die Karte mit Fähigkeiten, Namen nur im Aufklapper
  ---
  duration_ms: 9.973458
  type: 'test'
  ...
# Subtest: Die Arten sind die des Sidecars, in der Reihenfolge der Auswahl
ok 339 - Die Arten sind die des Sidecars, in der Reihenfolge der Auswahl
  ---
  duration_ms: 3.141417
  type: 'test'
  ...
# Subtest: Zählsatz nennt Anzahl und offene, ohne Prozent
ok 340 - Zählsatz nennt Anzahl und offene, ohne Prozent
  ---
  duration_ms: 1.908084
  type: 'test'
  ...
# Subtest: Kürzen schneidet am Wortende und lässt Kurzes stehen
ok 341 - Kürzen schneidet am Wortende und lässt Kurzes stehen
  ---
  duration_ms: 0.836459
  type: 'test'
  ...
# Subtest: Gemeldet werden nur fertige Antworten, keine Rückfragen
ok 342 - Gemeldet werden nur fertige Antworten, keine Rückfragen
  ---
  duration_ms: 2.617209
  type: 'test'
  ...
# Subtest: Die Oberfläche nennt keinen Befehl, sondern was aus einer Meldung wird
ok 343 - Die Oberfläche nennt keinen Befehl, sondern was aus einer Meldung wird
  ---
  duration_ms: 83.303167
  type: 'test'
  ...
# Subtest: search coverage notices are visible while evidence details remain closed
ok 344 - search coverage notices are visible while evidence details remain closed
  ---
  duration_ms: 30.052667
  type: 'test'
  ...
# Subtest: legacy sentence answers remain readable without notices
ok 345 - legacy sentence answers remain readable without notices
  ---
  duration_ms: 1.311375
  type: 'test'
  ...
# Subtest: notice text is escaped rather than interpreted as markup
ok 346 - notice text is escaped rather than interpreted as markup
  ---
  duration_ms: 2.274542
  type: 'test'
  ...
# Subtest: keine Seite hat eine Mindestbreite: weder global noch in einer einzelnen Regel
ok 347 - keine Seite hat eine Mindestbreite: weder global noch in einer einzelnen Regel
  ---
  duration_ms: 78.937833
  type: 'test'
  ...
# Subtest: die Breitenregeln gelten für alle Seiten und werden zuletzt geladen
ok 348 - die Breitenregeln gelten für alle Seiten und werden zuletzt geladen
  ---
  duration_ms: 4.239167
  type: 'test'
  ...
# Subtest: der leere Zustand im Gedächtnis sagt in einem Satz, woher Einträge kommen, und verweist dorthin
ok 349 - der leere Zustand im Gedächtnis sagt in einem Satz, woher Einträge kommen, und verweist dorthin
  ---
  duration_ms: 1.770375
  type: 'test'
  ...
# Subtest: die Navigation als Streifen rollt nicht und steht nur in Seitenbreite.css
ok 350 - die Navigation als Streifen rollt nicht und steht nur in Seitenbreite.css
  ---
  duration_ms: 6.705542
  type: 'test'
  ...
# Subtest: Ohne Helfer der Download, mit Helfer dessen Weg
ok 351 - Ohne Helfer der Download, mit Helfer dessen Weg
  ---
  duration_ms: 5.891417
  type: 'test'
  ...
# Subtest: Kein Satz mehr, der auf einen fehlenden Helfer verweist
ok 352 - Kein Satz mehr, der auf einen fehlenden Helfer verweist
  ---
  duration_ms: 1.566167
  type: 'test'
  ...
# Subtest: ein Passwortfeld, das sich anzeigen lässt; keine Wiederholung
ok 353 - ein Passwortfeld, das sich anzeigen lässt; keine Wiederholung
  ---
  duration_ms: 0.553541
  type: 'test'
  ...
# Subtest: Gewählt wird aus einer Liste, nicht getippt; ein früherer Wert außerhalb der Liste bleibt sichtbar
ok 354 - Gewählt wird aus einer Liste, nicht getippt; ein früherer Wert außerhalb der Liste bleibt sichtbar
  ---
  duration_ms: 102.326625
  type: 'test'
  ...
# Subtest: Eine Quelle steht im Singular, nie „Alle 1 Quellen“
ok 355 - Eine Quelle steht im Singular, nie „Alle 1 Quellen“
  ---
  duration_ms: 0.419208
  type: 'test'
  ...
# Subtest: Größen stehen für Menschen da: unbekannt, klein, MB, GB
ok 356 - Größen stehen für Menschen da: unbekannt, klein, MB, GB
  ---
  duration_ms: 0.6405
  type: 'test'
  ...
# Subtest: Der Stand nennt bei 0 alle Quellen, sonst die Aufteilung, und immer die Größe
ok 357 - Der Stand nennt bei 0 alle Quellen, sonst die Aufteilung, und immer die Größe
  ---
  duration_ms: 0.33
  type: 'test'
  ...
# Subtest: Nach dem Umbau steht, was geschah
ok 358 - Nach dem Umbau steht, was geschah
  ---
  duration_ms: 0.393292
  type: 'test'
  ...
# Subtest: {Rechner} wird auf dem Mac „Mac“, sonst „Rechner“; bis die Angabe da ist, gilt „Rechner“
ok 359 - {Rechner} wird auf dem Mac „Mac“, sonst „Rechner“; bis die Angabe da ist, gilt „Rechner“
  ---
  duration_ms: 2.699208
  type: 'test'
  ...
# Subtest: was nur ein Mac-Helfer kann, sagt auf dem Mac, was zu tun ist, und sonst ehrlich, dass es das hier nicht gibt
ok 360 - was nur ein Mac-Helfer kann, sagt auf dem Mac, was zu tun ist, und sonst ehrlich, dass es das hier nicht gibt
  ---
  duration_ms: 0.795958
  type: 'test'
  ...
# Subtest: kein fester Mac-Satz in der Oberfläche: Texte gehen durch fuerSystem oder nurAufDemMac
ok 361 - kein fester Mac-Satz in der Oberfläche: Texte gehen durch fuerSystem oder nurAufDemMac
  ---
  duration_ms: 64.2275
  type: 'test'
  ...
# Subtest: Tastenhinweis am Suchfeld: ⌘ K auf dem Mac, Strg K sonst, keiner auf Touchgeräten (Fremdprobe 2, Befund 11)
ok 362 - Tastenhinweis am Suchfeld: ⌘ K auf dem Mac, Strg K sonst, keiner auf Touchgeräten (Fremdprobe 2, Befund 11)
  ---
  duration_ms: 12.827875
  type: 'test'
  ...
# Subtest: next/back preserve selection and search; refresh starts a fresh complete list
ok 363 - next/back preserve selection and search; refresh starts a fresh complete list
  ---
  duration_ms: 3.071042
  type: 'test'
  ...
# Subtest: late responses cannot overwrite a newer view or a disposed screen
ok 364 - late responses cannot overwrite a newer view or a disposed screen
  ---
  duration_ms: 0.340833
  type: 'test'
  ...
# Subtest: a changed snapshot recovers at the first page with a visible notice
ok 365 - a changed snapshot recovers at the first page with a visible notice
  ---
  duration_ms: 0.765541
  type: 'test'
  ...
# Subtest: failed loads clear the old list and block navigation until a fresh result
ok 366 - failed loads clear the old list and block navigation until a fresh result
  ---
  duration_ms: 0.298583
  type: 'test'
  ...
# Subtest: datetime-local roundtrip keeps the local wall time and rejects invalid calendar or DST gap values
ok 367 - datetime-local roundtrip keeps the local wall time and rejects invalid calendar or DST gap values
  ---
  duration_ms: 8.848875
  type: 'test'
  ...
# Subtest: tomorrow at nine uses local calendar arithmetic across both DST changes
ok 368 - tomorrow at nine uses local calendar arithmetic across both DST changes
  ---
  duration_ms: 0.962125
  type: 'test'
  ...
# Subtest: displaying a saved reminder uses the machine local time
ok 369 - displaying a saved reminder uses the machine local time
  ---
  duration_ms: 110.416708
  type: 'test'
  ...
# Subtest: task edit keeps reminder independent from due date and saves only a changed reminder
ok 370 - task edit keeps reminder independent from due date and saves only a changed reminder
  ---
  duration_ms: 0.525792
  type: 'test'
  ...
# Subtest: an unchanged form retains the exact original instant; an edit or clear guards that original
ok 371 - an unchanged form retains the exact original instant; an edit or clear guards that original
  ---
  duration_ms: 2.554625
  type: 'test'
  ...
# Subtest: task history includes the reminder in its reload revision and reports reminder changes
ok 372 - task history includes the reminder in its reload revision and reports reminder changes
  ---
  duration_ms: 0.195542
  type: 'test'
  ...
# Subtest: Today reminders fetch bounded data, open exact tasks, do not confuse reminder with completion, and guard updates
ok 373 - Today reminders fetch bounded data, open exact tasks, do not confuse reminder with completion, and guard updates
  ---
  duration_ms: 0.390542
  type: 'test'
  ...
# Subtest: Today reminders distinguish an empty result from a failed refresh and expose the cap
ok 374 - Today reminders distinguish an empty result from a failed refresh and expose the cap
  ---
  duration_ms: 0.196666
  type: 'test'
  ...
# Subtest: task review uses bounded pages and offers all, recent, and review filters
ok 375 - task review uses bounded pages and offers all, recent, and review filters
  ---
  duration_ms: 2.167875
  type: 'test'
  ...
# Subtest: task review keeps per-candidate edits when navigating and clamps after removals
ok 376 - task review keeps per-candidate edits when navigating and clamps after removals
  ---
  duration_ms: 0.347416
  type: 'test'
  ...
# Subtest: task review hides a page while loading or when its offset/filter is stale
ok 377 - task review hides a page while loading or when its offset/filter is stale
  ---
  duration_ms: 214.048417
  type: 'test'
  ...
# Subtest: only later task pages send their filter generation
ok 378 - only later task pages send their filter generation
  ---
  duration_ms: 0.328667
  type: 'test'
  ...
# Subtest: pagination carries a generation token and handles stale queues without retry loops
ok 379 - pagination carries a generation token and handles stale queues without retry loops
  ---
  duration_ms: 0.196625
  type: 'test'
  ...
# Subtest: task links retain exact identity even for waiting or completed tasks
ok 380 - task links retain exact identity even for waiting or completed tasks
  ---
  duration_ms: 2.488791
  type: 'test'
  ...
# Subtest: a selected task day is due at its local end, including DST changes
ok 381 - a selected task day is due at its local end, including DST changes
  ---
  duration_ms: 3.591167
  type: 'test'
  ...
# Subtest: only a single unconditional absolute deadline is offered, never an import-relative guess
ok 382 - only a single unconditional absolute deadline is offered, never an import-relative guess
  ---
  duration_ms: 2.533833
  type: 'test'
  ...
# Subtest: an unchanged source deadline retains its exact time; a newly chosen day is explicit
ok 383 - an unchanged source deadline retains its exact time; a newly chosen day is explicit
  ---
  duration_ms: 0.314292
  type: 'test'
  ...
# Subtest: deadline field and unchanged-time comparison use the same local calendar day
ok 384 - deadline field and unchanged-time comparison use the same local calendar day
  ---
  duration_ms: 1.496583
  type: 'test'
  ...
# Subtest: Ausstattung: eine Aussage, selbst gemessen oder gemeldet, nie „Chip unbekannt“ und „noch unbekannt“ zugleich
ok 385 - Ausstattung: eine Aussage, selbst gemessen oder gemeldet, nie „Chip unbekannt“ und „noch unbekannt“ zugleich
  ---
  duration_ms: 140.13675
  type: 'test'
  ...
# Subtest: richtige Einzahl bei Dokumenten
ok 386 - richtige Einzahl bei Dokumenten
  ---
  duration_ms: 0.648792
  type: 'test'
  ...
# Subtest: Kostenwarnung nur bei einem Modell außerhalb dieses Rechners, und dann welches (Befund 28)
ok 387 - Kostenwarnung nur bei einem Modell außerhalb dieses Rechners, und dann welches (Befund 28)
  ---
  duration_ms: 0.278292
  type: 'test'
  ...
# Subtest: Was zuletzt lief: entweder Fehler mit Grund oder „nichts zu tun“, nie beides (Befund 29)
ok 388 - Was zuletzt lief: entweder Fehler mit Grund oder „nichts zu tun“, nie beides (Befund 29)
  ---
  duration_ms: 0.94625
  type: 'test'
  ...
# Subtest: exact source excerpts remain visibly proposed and belong to the displayed chronology
ok 389 - exact source excerpts remain visibly proposed and belong to the displayed chronology
  ---
  duration_ms: 14.980584
  type: 'test'
  ...
# Subtest: invented quotes, wrong source identities and inferred source dates are rejected
ok 390 - invented quotes, wrong source identities and inferred source dates are rejected
  ---
  duration_ms: 0.579667
  type: 'test'
  ...
# Subtest: Übernehmen gibt es nur unter einer fertigen Antwort in Sätzen
ok 391 - Übernehmen gibt es nur unter einer fertigen Antwort in Sätzen
  ---
  duration_ms: 5.144375
  type: 'test'
  ...
# Subtest: Vorgabe: alle Sätze ohne Hinweis, ohne Dopplung und ohne früheren Vorschlag
ok 392 - Vorgabe: alle Sätze ohne Hinweis, ohne Dopplung und ohne früheren Vorschlag
  ---
  duration_ms: 5.304209
  type: 'test'
  ...
# Subtest: Texte: Zählung, Ergebnis je Satz und Satz über den Vorschlägen
ok 393 - Texte: Zählung, Ergebnis je Satz und Satz über den Vorschlägen
  ---
  duration_ms: 0.431208
  type: 'test'
  ...
# Subtest: läuft das Sortieren, steht kein „wenn du es einschaltest“ und kein Modellname da
ok 394 - läuft das Sortieren, steht kein „wenn du es einschaltest“ und kein Modellname da
  ---
  duration_ms: 8.464875
  type: 'test'
  ...
# Subtest: statt der Kacheln ein Satz zur Prüfung, mit „du musst nichts tun“ bei Fehlschlägen
ok 395 - statt der Kacheln ein Satz zur Prüfung, mit „du musst nichts tun“ bei Fehlschlägen
  ---
  duration_ms: 0.640458
  type: 'test'
  ...
# Subtest: vorne keine Kacheln mit „Prüflauf“; sie stehen nur hinter „Für Techniker“
ok 396 - vorne keine Kacheln mit „Prüflauf“; sie stehen nur hinter „Für Techniker“
  ---
  duration_ms: 1.082125
  type: 'test'
  ...
# Subtest: Vorgemerkt, während das Sprachmodell lädt: „An“, nicht „Pausiert“, und kein „wenn du es einschaltest“ (Fremdprobe 3, Befund 3)
ok 397 - Vorgemerkt, während das Sprachmodell lädt: „An“, nicht „Pausiert“, und kein „wenn du es einschaltest“ (Fremdprobe 3, Befund 3)
  ---
  duration_ms: 1.591
  type: 'test'
  ...
# Subtest: Fortschritt und Stand sagen dasselbe (Fremdprobe 3, Befund 12)
ok 398 - Fortschritt und Stand sagen dasselbe (Fremdprobe 3, Befund 12)
  ---
  duration_ms: 0.878958
  type: 'test'
  ...
# Subtest: Ein Verweis nennt den Weg und springt genau dorthin
ok 399 - Ein Verweis nennt den Weg und springt genau dorthin
  ---
  duration_ms: 7.633334
  type: 'test'
  ...
# Subtest: Ein Ziel, das es nicht gibt, ist ein Fehler im Code und kein stiller Sprung woandershin
ok 400 - Ein Ziel, das es nicht gibt, ist ein Fehler im Code und kein stiller Sprung woandershin
  ---
  duration_ms: 0.397167
  type: 'test'
  ...
# Subtest: Das pausierte Einlesen verweist auf den Zeitplan
ok 401 - Das pausierte Einlesen verweist auf den Zeitplan
  ---
  duration_ms: 0.864542
  type: 'test'
  ...
# Subtest: Einrichtung und Briefing nennen Einstellungen nur als Verweis
ok 402 - Einrichtung und Briefing nennen Einstellungen nur als Verweis
  ---
  duration_ms: 20.749125
  type: 'test'
  ...
# Subtest: Globale Pause wird im Assistenten auch bei unbekanntem Umfang nicht als Lesen ausgegeben
ok 403 - Globale Pause wird im Assistenten auch bei unbekanntem Umfang nicht als Lesen ausgegeben
  ---
  duration_ms: 0.559
  type: 'test'
  ...
# Subtest: Ohne Startort gesperrt, und es fehlt der Startort
ok 404 - Ohne Startort gesperrt, und es fehlt der Startort
  ---
  duration_ms: 2.786708
  type: 'test'
  ...
# Subtest: Ohne Kartendienst gesperrt, und es fehlt der Dienst
ok 405 - Ohne Kartendienst gesperrt, und es fehlt der Dienst
  ---
  duration_ms: 0.57075
  type: 'test'
  ...
# Subtest: Kann es rechnen, ist der Schalter frei
ok 406 - Kann es rechnen, ist der Schalter frei
  ---
  duration_ms: 0.136834
  type: 'test'
  ...
# Subtest: Ausschalten ist nie gesperrt, auch wenn inzwischen etwas fehlt
ok 407 - Ausschalten ist nie gesperrt, auch wenn inzwischen etwas fehlt
  ---
  duration_ms: 0.157625
  type: 'test'
  ...
# Subtest: Die Marke im Assistenten folgt dem Schalter ohne Neuladen
ok 408 - Die Marke im Assistenten folgt dem Schalter ohne Neuladen
  ---
  duration_ms: 1.029625
  type: 'test'
  ...
# Subtest: eine Vorgabe ist an, abbestellt oder aus, je nachdem, ob und wie sie hinzugefügt wurde
ok 409 - eine Vorgabe ist an, abbestellt oder aus, je nachdem, ob und wie sie hinzugefügt wurde
  ---
  duration_ms: 5.241417
  type: 'test'
  ...
# Subtest: eigene Quellen sind die Feeds, die nicht aus der Vorgabeliste stammen
ok 410 - eigene Quellen sind die Feeds, die nicht aus der Vorgabeliste stammen
  ---
  duration_ms: 0.284167
  type: 'test'
  ...
# Subtest: die Adresse: ohne Schema kommt https davor, Leerzeichen und Namen ohne Punkt sind keine Adresse
ok 411 - die Adresse: ohne Schema kommt https davor, Leerzeichen und Namen ohne Punkt sind keine Adresse
  ---
  duration_ms: 0.702
  type: 'test'
  ...
# Subtest: unter den Vorgaben steht, von wann die Liste ist und dass die Adressen nicht abgerufen wurden
ok 412 - unter den Vorgaben steht, von wann die Liste ist und dass die Adressen nicht abgerufen wurden
  ---
  duration_ms: 63.539917
  type: 'test'
  ...
# Subtest: die Oberfläche schaltet mit einem Klick ein und mit dem zweiten aus, und legt nichts ohne Klick an
ok 413 - die Oberfläche schaltet mit einem Klick ein und mit dem zweiten aus, und legt nichts ohne Klick an
  ---
  duration_ms: 1.567292
  type: 'test'
  ...
# Subtest: ohne Vorschlag und ohne Aussage keine Karte
ok 414 - ohne Vorschlag und ohne Aussage keine Karte
  ---
  duration_ms: 1.877042
  type: 'test'
  ...
# Subtest: ein Vorschlag heißt Vorschlag, eine angenommene Aussage steht fest
ok 415 - ein Vorschlag heißt Vorschlag, eine angenommene Aussage steht fest
  ---
  duration_ms: 0.21875
  type: 'test'
  ...
# Subtest: Titel nach Inhalt, Antwort in einem Satz
ok 416 - Titel nach Inhalt, Antwort in einem Satz
  ---
  duration_ms: 0.496333
  type: 'test'
  ...
# Subtest: /world öffnet die eigene Quellenansicht und Today verlinkt sie außerhalb des leeren Tagesbereichs
ok 417 - /world öffnet die eigene Quellenansicht und Today verlinkt sie außerhalb des leeren Tagesbereichs
  ---
  duration_ms: 11.04175
  type: 'test'
  ...
# Subtest: die Quellenansicht zeigt alle registrierten Quellen auch ohne Zielüberschneidung
ok 418 - die Quellenansicht zeigt alle registrierten Quellen auch ohne Zielüberschneidung
  ---
  duration_ms: 10.724459
  type: 'test'
  ...
# Subtest: Quellenkarten zeigen Weiterleitungsziel und gespeicherten Text-Hash mit klarer Abrufzeit
ok 419 - Quellenkarten zeigen Weiterleitungsziel und gespeicherten Text-Hash mit klarer Abrufzeit
  ---
  duration_ms: 0.537417
  type: 'test'
  ...
1..419
# tests 419
# suites 0
# pass 419
# fail 0
# cancelled 0
# skipped 0
# todo 0
# duration_ms 5949.346167
